2025-12-05 13:08:53 - medallionlayer.gold_layer - ERROR - Error processing match_summary: column "toss" of relation "match_summary" does not exist
LINE 2: ...SERT INTO gold.match_summary (id, matchid, venue, toss, seri...
                                                             ^

2025-12-05 13:08:53 - medallionlayer.gold_layer - ERROR - Error processing series_summary: column "matchid" of relation "series_summary" does not exist
LINE 2:         INSERT INTO gold.series_summary (id, matchid, venue,...
                                                     ^

2025-12-05 13:08:53 - medallionlayer.gold_layer - ERROR - Error processing venue_statistics: column "matchid" of relation "venue_statistics" does not exist
LINE 2:         INSERT INTO gold.venue_statistics (id, matchid, venu...
                                                       ^

2025-12-05 13:08:53 - medallionlayer.gold_layer - ERROR - Error processing match_ball_statistics: column "ball" of relation "match_ball_statistics" does not exist
LINE 2: ...ERT INTO gold.match_ball_statistics (id, matchid, ball, inni...
                                                             ^

2025-12-05 13:08:54 - medallionlayer.gold_layer - ERROR - Error processing batsman_statistics: column "ball" of relation "batsman_statistics" does not exist
LINE 2: ...INSERT INTO gold.batsman_statistics (id, matchid, ball, inni...
                                                             ^

2025-12-05 13:08:54 - medallionlayer.gold_layer - ERROR - Error processing bowler_statistics: column "ball" of relation "bowler_statistics" does not exist
LINE 2: ... INSERT INTO gold.bowler_statistics (id, matchid, ball, inni...
                                                             ^

2025-12-05 13:08:54 - pipeline.orchestrator - ERROR -     - Error processing match_summary: column "toss" of relation "match_summary" does not exist
LINE 2: ...SERT INTO gold.match_summary (id, matchid, venue, toss, seri...
                                                             ^

2025-12-05 13:08:54 - pipeline.orchestrator - ERROR -     - Error processing series_summary: column "matchid" of relation "series_summary" does not exist
LINE 2:         INSERT INTO gold.series_summary (id, matchid, venue,...
                                                     ^

2025-12-05 13:08:54 - pipeline.orchestrator - ERROR -     - Error processing venue_statistics: column "matchid" of relation "venue_statistics" does not exist
LINE 2:         INSERT INTO gold.venue_statistics (id, matchid, venu...
                                                       ^

2025-12-05 13:08:54 - pipeline.orchestrator - ERROR -     - Error processing match_ball_statistics: column "ball" of relation "match_ball_statistics" does not exist
LINE 2: ...ERT INTO gold.match_ball_statistics (id, matchid, ball, inni...
                                                             ^

2025-12-05 13:08:54 - pipeline.orchestrator - ERROR -     - Error processing batsman_statistics: column "ball" of relation "batsman_statistics" does not exist
LINE 2: ...INSERT INTO gold.batsman_statistics (id, matchid, ball, inni...
                                                             ^

2025-12-05 13:08:54 - pipeline.orchestrator - ERROR -     - Error processing bowler_statistics: column "ball" of relation "bowler_statistics" does not exist
LINE 2: ... INSERT INTO gold.bowler_statistics (id, matchid, ball, inni...
                                                             ^

2025-12-05 13:29:22 - scraping.match_scraper - ERROR - Error scraping match 1473438: 'PageNavigator' object has no attribute 'scroll_to_top'
Traceback (most recent call last):
  File "C:\Users\prade\Pycharm\Cricinfo_scraper\scraping\match_scraper.py", line 195, in scrape
    page_nav.scroll_to_top()
    ^^^^^^^^^^^^^^^^^^^^^^
AttributeError: 'PageNavigator' object has no attribute 'scroll_to_top'
2025-12-05 13:29:25 - __main__ - ERROR - Error scraping match 1473438: 'PageNavigator' object has no attribute 'scroll_to_top'
2025-12-05 13:30:55 - scraping.match_scraper - ERROR - Error scraping match 1473439: 'PageNavigator' object has no attribute 'scroll_to_top'
Traceback (most recent call last):
  File "C:\Users\prade\Pycharm\Cricinfo_scraper\scraping\match_scraper.py", line 195, in scrape
    page_nav.scroll_to_top()
    ^^^^^^^^^^^^^^^^^^^^^^
AttributeError: 'PageNavigator' object has no attribute 'scroll_to_top'
2025-12-05 13:30:58 - __main__ - ERROR - Error scraping match 1473439: 'PageNavigator' object has no attribute 'scroll_to_top'
2025-12-05 13:43:27 - medallionlayer.gold_layer - ERROR - Error processing match_summary: column "toss" of relation "match_summary" does not exist
LINE 2: ...SERT INTO gold.match_summary (id, matchid, venue, toss, seri...
                                                             ^

2025-12-05 13:43:27 - medallionlayer.gold_layer - ERROR - Error processing series_summary: column "matchid" of relation "series_summary" does not exist
LINE 2:         INSERT INTO gold.series_summary (id, matchid, venue,...
                                                     ^

2025-12-05 13:43:27 - medallionlayer.gold_layer - ERROR - Error processing venue_statistics: column "matchid" of relation "venue_statistics" does not exist
LINE 2:         INSERT INTO gold.venue_statistics (id, matchid, venu...
                                                       ^

2025-12-05 13:43:27 - medallionlayer.gold_layer - ERROR - Error processing match_ball_statistics: column "ball" of relation "match_ball_statistics" does not exist
LINE 2: ...ERT INTO gold.match_ball_statistics (id, matchid, ball, inni...
                                                             ^

2025-12-05 13:43:28 - medallionlayer.gold_layer - ERROR - Error processing batsman_statistics: column "ball" of relation "batsman_statistics" does not exist
LINE 2: ...INSERT INTO gold.batsman_statistics (id, matchid, ball, inni...
                                                             ^

2025-12-05 13:43:28 - medallionlayer.gold_layer - ERROR - Error processing bowler_statistics: column "ball" of relation "bowler_statistics" does not exist
LINE 2: ... INSERT INTO gold.bowler_statistics (id, matchid, ball, inni...
                                                             ^

2025-12-05 13:43:28 - pipeline.orchestrator - ERROR -     - Error processing match_summary: column "toss" of relation "match_summary" does not exist
LINE 2: ...SERT INTO gold.match_summary (id, matchid, venue, toss, seri...
                                                             ^

2025-12-05 13:43:28 - pipeline.orchestrator - ERROR -     - Error processing series_summary: column "matchid" of relation "series_summary" does not exist
LINE 2:         INSERT INTO gold.series_summary (id, matchid, venue,...
                                                     ^

2025-12-05 13:43:28 - pipeline.orchestrator - ERROR -     - Error processing venue_statistics: column "matchid" of relation "venue_statistics" does not exist
LINE 2:         INSERT INTO gold.venue_statistics (id, matchid, venu...
                                                       ^

2025-12-05 13:43:28 - pipeline.orchestrator - ERROR -     - Error processing match_ball_statistics: column "ball" of relation "match_ball_statistics" does not exist
LINE 2: ...ERT INTO gold.match_ball_statistics (id, matchid, ball, inni...
                                                             ^

2025-12-05 13:43:28 - pipeline.orchestrator - ERROR -     - Error processing batsman_statistics: column "ball" of relation "batsman_statistics" does not exist
LINE 2: ...INSERT INTO gold.batsman_statistics (id, matchid, ball, inni...
                                                             ^

2025-12-05 13:43:28 - pipeline.orchestrator - ERROR -     - Error processing bowler_statistics: column "ball" of relation "bowler_statistics" does not exist
LINE 2: ... INSERT INTO gold.bowler_statistics (id, matchid, ball, inni...
                                                             ^

