2025-12-07 12:48:47 - configs.db_config - ERROR - Error initializing medallion schema: syntax error at or near "WHERE"
LINE 306:         WHERE is_current = TRUE
                  ^

2025-12-07 12:48:47 - __main__ - ERROR - Fatal error: syntax error at or near "WHERE"
LINE 306:         WHERE is_current = TRUE
                  ^
Traceback (most recent call last):
  File "C:\Users\prade\Pycharm\Cricinfo_scraper\main.py", line 311, in main
    initialize_medallion_schema()
  File "C:\Users\prade\Pycharm\Cricinfo_scraper\configs\db_config.py", line 76, in initialize_medallion_schema
    cursor.execute(sql)
psycopg2.errors.SyntaxError: syntax error at or near "WHERE"
LINE 306:         WHERE is_current = TRUE
                  ^

2025-12-07 12:53:47 - core.page_navigator - ERROR - Error during page scroll: HTTPConnectionPool(host='localhost', port=58448): Read timed out. (read timeout=120)
2025-12-07 12:58:15 - medallionlayer.gold_layer - ERROR - Error processing player_team_history: Must provide 'func' or tuples of '(column, aggfunc).
2025-12-07 12:58:15 - medallionlayer.gold_layer - ERROR - Full error details:
Traceback (most recent call last):
  File "C:\Users\prade\Pycharm\Cricinfo_scraper\medallionlayer\gold_layer.py", line 46, in run
    rows_created = self._process_aggregation(agg_name, agg_config)
                   ^^^^^^^^^^^^^^^^^^^^^^^^^^^^^^^^^^^^^^^^^^^^^^^
  File "C:\Users\prade\Pycharm\Cricinfo_scraper\medallionlayer\gold_layer.py", line 73, in _process_aggregation
    return self._process_scd_type2(agg_name, agg_config)
           ^^^^^^^^^^^^^^^^^^^^^^^^^^^^^^^^^^^^^^^^^^^^^
  File "C:\Users\prade\Pycharm\Cricinfo_scraper\medallionlayer\gold_layer.py", line 144, in _process_scd_type2
    df_new = self._build_player_team_dimension(df_source)
             ^^^^^^^^^^^^^^^^^^^^^^^^^^^^^^^^^^^^^^^^^^^^
  File "C:\Users\prade\Pycharm\Cricinfo_scraper\medallionlayer\gold_layer.py", line 195, in _build_player_team_dimension
    df_agg = df.groupby(group_cols, dropna=False).agg(**agg_dict).reset_index()
             ^^^^^^^^^^^^^^^^^^^^^^^^^^^^^^^^^^^^^^^^^^^^^^^^^^^^
  File "C:\Users\prade\PycharmProjects\Cricinfo_scraper\.venv\Lib\site-packages\pandas\core\groupby\generic.py", line 1435, in aggregate
    relabeling, func, columns, order = reconstruct_func(func, **kwargs)
                                       ^^^^^^^^^^^^^^^^^^^^^^^^^^^^^^^^
  File "C:\Users\prade\PycharmProjects\Cricinfo_scraper\.venv\Lib\site-packages\pandas\core\apply.py", line 1478, in reconstruct_func
    raise TypeError("Must provide 'func' or tuples of '(column, aggfunc).")
TypeError: Must provide 'func' or tuples of '(column, aggfunc).
2025-12-07 12:58:16 - pipeline.orchestrator - ERROR -     - Error processing player_team_history: Must provide 'func' or tuples of '(column, aggfunc).
2025-12-07 16:29:59 - core.page_navigator - ERROR - Error during page scroll: HTTPConnectionPool(host='localhost', port=61573): Read timed out. (read timeout=120)
2025-12-07 16:30:08 - scraping.match_scraper - ERROR - WebDriver error scraping match 1473438: Message: invalid session id: session deleted as the browser has closed the connection
from disconnected: not connected to DevTools
  (Session info: chrome=142.0.7444.176)
Stacktrace:
Symbols not available. Dumping unresolved backtrace:
	0x754103
	0x754144
	0x55e71d
	0x54d910
	0x56c714
	0x5d3475
	0x5ee749
	0x5cc706
	0x59da30
	0x59ed54
	0x9c57b4
	0x9c098a
	0x77c392
	0x76c4c8
	0x77324d
	0x75c478
	0x75c63c
	0x7467ca
	0x759f5d49
	0x7728d6db
	0x7728d661

