2025-12-06 21:54:04 - scraping.player_extractor - ERROR - Error extracting players for match 1473438: column "is_impact_player" of relation "match_players" does not exist
LINE 2: ...ayer_name, batted, batting_position, player_type, is_impact_...
                                                             ^
Traceback (most recent call last):
  File "C:\Users\prade\Pycharm\Cricinfo_scraper\scraping\player_extractor.py", line 56, in extract_and_store
    save_to_db(self.schema, self.table_name, players_df)
  File "C:\Users\prade\Pycharm\Cricinfo_scraper\configs\db_config.py", line 112, in save_to_db
    execute_values(cur, insert_query, values)
  File "C:\Users\prade\PycharmProjects\Cricinfo_scraper\.venv\Lib\site-packages\psycopg2\extras.py", line 1299, in execute_values
    cur.execute(b''.join(parts))
psycopg2.errors.UndefinedColumn: column "is_impact_player" of relation "match_players" does not exist
LINE 2: ...ayer_name, batted, batting_position, player_type, is_impact_...
                                                             ^

2025-12-06 21:57:43 - scraping.player_extractor - ERROR - Error extracting players for match 1473438: new row for relation "match_players" violates check constraint "match_players_player_type_check"
DETAIL:  Failing row contains (23, 1473438, null, Kolkata Knight Riders, Manish Pandey, f, null, Sub, 2025-12-06 21:57:43.513763).
Traceback (most recent call last):
  File "C:\Users\prade\Pycharm\Cricinfo_scraper\scraping\player_extractor.py", line 56, in extract_and_store
    save_to_db(self.schema, self.table_name, players_df)
  File "C:\Users\prade\Pycharm\Cricinfo_scraper\configs\db_config.py", line 112, in save_to_db
    execute_values(cur, insert_query, values)
  File "C:\Users\prade\PycharmProjects\Cricinfo_scraper\.venv\Lib\site-packages\psycopg2\extras.py", line 1299, in execute_values
    cur.execute(b''.join(parts))
psycopg2.errors.CheckViolation: new row for relation "match_players" violates check constraint "match_players_player_type_check"
DETAIL:  Failing row contains (23, 1473438, null, Kolkata Knight Riders, Manish Pandey, f, null, Sub, 2025-12-06 21:57:43.513763).

2025-12-06 22:02:22 - scraping.player_extractor - ERROR - Error extracting players for match 1473438: new row for relation "match_players" violates check constraint "match_players_player_type_check"
DETAIL:  Failing row contains (33, 1473438, null, Royal Challengers Bengaluru, Devdutt Padikkal, f, null, Impact, 2025-12-06 22:02:22.949723).
Traceback (most recent call last):
  File "C:\Users\prade\Pycharm\Cricinfo_scraper\scraping\player_extractor.py", line 56, in extract_and_store
    save_to_db(self.schema, self.table_name, players_df)
  File "C:\Users\prade\Pycharm\Cricinfo_scraper\configs\db_config.py", line 112, in save_to_db
    execute_values(cur, insert_query, values)
  File "C:\Users\prade\PycharmProjects\Cricinfo_scraper\.venv\Lib\site-packages\psycopg2\extras.py", line 1299, in execute_values
    cur.execute(b''.join(parts))
psycopg2.errors.CheckViolation: new row for relation "match_players" violates check constraint "match_players_player_type_check"
DETAIL:  Failing row contains (33, 1473438, null, Royal Challengers Bengaluru, Devdutt Padikkal, f, null, Impact, 2025-12-06 22:02:22.949723).

2025-12-06 22:16:29 - core.page_navigator - ERROR - Error during page scroll: HTTPConnectionPool(host='localhost', port=58112): Read timed out. (read timeout=120)
2025-12-06 22:17:20 - scraping.match_scraper - ERROR - WebDriver error scraping match 1473438: Message: invalid session id: session deleted as the browser has closed the connection
from disconnected: not connected to DevTools
  (Session info: chrome=142.0.7444.176)
Stacktrace:
Symbols not available. Dumping unresolved backtrace:
	0x714103
	0x714144
	0x51e71d
	0x50d910
	0x52c714
	0x593475
	0x5ae749
	0x58c706
	0x55da30
	0x55ed54
	0x9857b4
	0x98098a
	0x73c392
	0x72c4c8
	0x73324d
	0x71c478
	0x71c63c
	0x7067ca
	0x759f5d49
	0x7728d6db
	0x7728d661

2025-12-06 22:17:22 - __main__ - ERROR - Error scraping match 1473438: WebDriver error: Message: invalid session id: session deleted as the browser has closed the connection
from disconnected: not connected to DevTools
  (Session info: chrome=142.0.7444.176)
Stacktrace:
Symbols not avail
2025-12-06 22:30:03 - core.page_navigator - ERROR - Error during page scroll: HTTPConnectionPool(host='localhost', port=49693): Read timed out. (read timeout=120)
2025-12-06 22:41:51 - scraping.match_scraper - ERROR - WebDriver error scraping match 1473438: Message: invalid session id
Stacktrace:
Symbols not available. Dumping unresolved backtrace:
	0x714103
	0x714144
	0x51e56b
	0x55d799
	0x55ed54
	0x9857b4
	0x98098a
	0x73c392
	0x72c4c8
	0x73324d
	0x71c478
	0x71c63c
	0x7067ca
	0x759f5d49
	0x7728d6db
	0x7728d661

2025-12-06 22:41:53 - __main__ - ERROR - Error scraping match 1473438: WebDriver error: Message: invalid session id
Stacktrace:
Symbols not available. Dumping unresolved backtrace:
	0x714103
	0x714144
	0x51e56b
	0x55d799
	0x55ed54
	0x9857b4
	0x98098a
	0x73c392
	0x72c4c8
	0x73324d
	0x71c4
2025-12-06 22:41:53 - __main__ - ERROR - Failed match 1473438: Error: WebDriver error: Message: invalid session id
Stacktrace:
Symbols not available. Dumping unresolved backtrace:
	0x714103
	0x714144
	0x51e56b
	0x55d799
	0x55ed54
	0x9857b4
	0x98098a
	0x73c392
	0x72c4c8

2025-12-06 23:08:12 - scraping.schedule_scraper - ERROR - WebDriver error fetching schedule: Message: target frame detached
  (failed to check if window was closed: disconnected: not connected to DevTools)
  (Session info: chrome=142.0.7444.176)
Stacktrace:
Symbols not available. Dumping unresolved backtrace:
	0x714103
	0x714144
	0x51e56b
	0x50e91d
	0x50daca
	0x52c714
	0x593475
	0x5ae749
	0x58c706
	0x55da30
	0x55ed54
	0x9857b4
	0x98098a
	0x73c392
	0x72c4c8
	0x73324d
	0x71c478
	0x71c63c
	0x7067ca
	0x759f5d49
	0x7728d6db
	0x7728d661

