2025-12-05 18:40:09 - __main__ - INFO - Cricket Data Pipeline Started
2025-12-05 18:40:09 - __main__ - INFO - STEP 1: Initializing database and schemas
2025-12-05 18:40:10 - configs.db_config - INFO - Initializing Medallion Architecture schemas...
2025-12-05 18:40:10 - configs.db_config - INFO - Medallion schemas (Bronze, Silver, Gold) initialized
2025-12-05 18:40:10 - __main__ - INFO - Database initialization complete
2025-12-05 18:40:10 - __main__ - INFO - STEP 2: Loading configuration
2025-12-05 18:40:10 - __main__ - INFO - Configuration loaded successfully
2025-12-05 18:40:10 - __main__ - INFO - STEP 3: Scraping data from Cricinfo
2025-12-05 18:40:10 - __main__ - INFO - Initializing match tracker
2025-12-05 18:40:10 - __main__ - INFO - Current Status: 0 matches already downloaded
2025-12-05 18:40:10 - __main__ - INFO - Fetching match schedule from Cricinfo
2025-12-05 18:40:10 - scraping.schedule_scraper - INFO - Initializing WebDriver for schedule scraping
2025-12-05 18:40:14 - scraping.schedule_scraper - INFO - Loading schedule page - attempt 1
2025-12-05 18:40:25 - scraping.schedule_scraper - INFO - Schedule page loaded successfully
2025-12-05 18:40:25 - scraping.schedule_scraper - INFO - Parsing schedule page with BeautifulSoup
2025-12-05 18:40:25 - scraping.schedule_scraper - INFO - Extracting match links from schedule
2025-12-05 18:40:25 - scraping.schedule_scraper - INFO - Successfully extracted 107 match links
2025-12-05 18:40:25 - scraping.schedule_scraper - INFO - Closing WebDriver
2025-12-05 18:40:28 - __main__ - INFO - Found 107 total links
2025-12-05 18:40:28 - __main__ - INFO - Found 1 match scorecards
2025-12-05 18:40:28 - __main__ - INFO - Starting match scraping process
2025-12-05 18:40:28 - __main__ - INFO - Processing match 1/1: https://www.espncricinfo.com/series/ipl-2025-1449924/kolkata-knight-riders-vs-royal-challengers-bengaluru-1st-match-1473438/full-scorecard
2025-12-05 18:40:28 - __main__ - INFO - Downloading match 1473438
2025-12-05 18:40:28 - scraping.match_scraper - INFO - Initializing WebDriver
2025-12-05 18:40:32 - scraping.match_scraper - INFO - Loading full scorecard - attempt 1
2025-12-05 18:40:43 - scraping.match_scraper - INFO - full scorecard loaded successfully
2025-12-05 18:40:43 - scraping.match_scraper - INFO - Scrolling full scorecard page
2025-12-05 18:40:43 - core.page_navigator - INFO - Scrolling page 5 times
2025-12-05 18:40:53 - core.page_navigator - INFO - Page scrolling completed
2025-12-05 18:40:56 - scraping.match_scraper - INFO - Extracting metadata
2025-12-05 18:40:57 - core.metadata_extractor - INFO - Found 14 metadata rows for match 1473438
2025-12-05 18:40:57 - core.metadata_extractor - INFO - Extracted 15 metadata fields for match 1473438
2025-12-05 18:40:57 - scraping.match_scraper - INFO - Loading commentary page - attempt 1
2025-12-05 18:41:07 - scraping.match_scraper - INFO - commentary page loaded successfully
2025-12-05 18:41:07 - scraping.match_scraper - INFO - Scrolling commentary page
2025-12-05 18:41:07 - core.page_navigator - INFO - Scrolling page 25 times
2025-12-05 18:43:07 - core.page_navigator - ERROR - Error during page scroll: HTTPConnectionPool(host='localhost', port=65187): Read timed out. (read timeout=120)
2025-12-05 18:43:10 - scraping.match_scraper - INFO - Extracting first innings data
2025-12-05 18:43:24 - scraping.match_scraper - INFO - Closing WebDriver
2025-12-05 18:43:37 - __main__ - INFO - Cricket Data Pipeline Started
2025-12-05 18:43:37 - __main__ - INFO - STEP 1: Initializing database and schemas
2025-12-05 18:43:38 - configs.db_config - INFO - Initializing Medallion Architecture schemas...
2025-12-05 18:43:38 - configs.db_config - INFO - Medallion schemas (Bronze, Silver, Gold) initialized
2025-12-05 18:43:38 - __main__ - INFO - Database initialization complete
2025-12-05 18:43:38 - __main__ - INFO - STEP 2: Loading configuration
2025-12-05 18:43:38 - __main__ - INFO - Configuration loaded successfully
2025-12-05 18:43:38 - __main__ - INFO - STEP 3: Scraping data from Cricinfo
2025-12-05 18:43:38 - __main__ - INFO - Initializing match tracker
2025-12-05 18:43:38 - __main__ - INFO - Current Status: 0 matches already downloaded
2025-12-05 18:43:38 - __main__ - INFO - Fetching match schedule from Cricinfo
2025-12-05 18:43:38 - scraping.schedule_scraper - INFO - Initializing WebDriver for schedule scraping
2025-12-05 18:43:41 - scraping.schedule_scraper - INFO - Loading schedule page - attempt 1
2025-12-05 18:43:52 - scraping.schedule_scraper - INFO - Schedule page loaded successfully
2025-12-05 18:43:52 - scraping.schedule_scraper - INFO - Parsing schedule page with BeautifulSoup
2025-12-05 18:43:52 - scraping.schedule_scraper - INFO - Extracting match links from schedule
2025-12-05 18:43:52 - scraping.schedule_scraper - INFO - Successfully extracted 107 match links
2025-12-05 18:43:52 - scraping.schedule_scraper - INFO - Closing WebDriver
2025-12-05 18:43:55 - __main__ - INFO - Found 107 total links
2025-12-05 18:43:55 - __main__ - INFO - Found 1 match scorecards
2025-12-05 18:43:55 - __main__ - INFO - Starting match scraping process
2025-12-05 18:43:55 - __main__ - INFO - Processing match 1/1: https://www.espncricinfo.com/series/ipl-2025-1449924/kolkata-knight-riders-vs-royal-challengers-bengaluru-1st-match-1473438/full-scorecard
2025-12-05 18:43:55 - __main__ - INFO - Downloading match 1473438
2025-12-05 18:43:55 - scraping.match_scraper - INFO - Initializing WebDriver
2025-12-05 18:43:58 - scraping.match_scraper - INFO - Loading full scorecard - attempt 1
2025-12-05 18:44:08 - scraping.match_scraper - INFO - full scorecard loaded successfully
2025-12-05 18:44:08 - scraping.match_scraper - INFO - Scrolling full scorecard page
2025-12-05 18:44:08 - core.page_navigator - INFO - Scrolling page 5 times
2025-12-05 18:44:19 - core.page_navigator - INFO - Page scrolling completed
2025-12-05 18:44:22 - scraping.match_scraper - INFO - Extracting metadata
2025-12-05 18:44:22 - core.metadata_extractor - INFO - Found 14 metadata rows for match 1473438
2025-12-05 18:44:22 - core.metadata_extractor - INFO - Extracted 15 metadata fields for match 1473438
2025-12-05 18:44:22 - scraping.match_scraper - INFO - Loading commentary page - attempt 1
2025-12-05 18:44:31 - scraping.match_scraper - INFO - commentary page loaded successfully
2025-12-05 18:44:31 - scraping.match_scraper - INFO - Scrolling commentary page
2025-12-05 18:44:31 - core.page_navigator - INFO - Scrolling page 25 times
2025-12-05 18:45:38 - core.page_navigator - ERROR - Error during page scroll: Message: invalid session id: session deleted as the browser has closed the connection
from disconnected: not connected to DevTools
  (Session info: chrome=142.0.7444.176)
Stacktrace:
Symbols not available. Dumping unresolved backtrace:
	0xb64103
	0xb64144
	0x96e71d
	0x95d910
	0x97c714
	0x9e3475
	0x9fe749
	0x9dc706
	0x9ada30
	0x9aed54
	0xdd57b4
	0xdd098a
	0xb8c392
	0xb7c4c8
	0xb8324d
	0xb6c478
	0xb6c63c
	0xb567ca
	0x759f5d49
	0x7728d6db
	0x7728d661

2025-12-05 18:45:41 - scraping.match_scraper - INFO - Closing WebDriver
2025-12-05 18:45:54 - __main__ - INFO - Cricket Data Pipeline Started
2025-12-05 18:45:54 - __main__ - INFO - STEP 1: Initializing database and schemas
2025-12-05 18:45:55 - configs.db_config - INFO - Initializing Medallion Architecture schemas...
2025-12-05 18:45:55 - configs.db_config - INFO - Medallion schemas (Bronze, Silver, Gold) initialized
2025-12-05 18:45:55 - __main__ - INFO - Database initialization complete
2025-12-05 18:45:55 - __main__ - INFO - STEP 2: Loading configuration
2025-12-05 18:45:55 - __main__ - INFO - Configuration loaded successfully
2025-12-05 18:45:55 - __main__ - INFO - STEP 3: Scraping data from Cricinfo
2025-12-05 18:45:55 - __main__ - INFO - Initializing match tracker
2025-12-05 18:45:55 - __main__ - INFO - Current Status: 0 matches already downloaded
2025-12-05 18:45:55 - __main__ - INFO - Fetching match schedule from Cricinfo
2025-12-05 18:45:55 - scraping.schedule_scraper - INFO - Initializing WebDriver for schedule scraping
2025-12-05 18:45:58 - scraping.schedule_scraper - INFO - Loading schedule page - attempt 1
2025-12-05 18:46:09 - scraping.schedule_scraper - INFO - Schedule page loaded successfully
2025-12-05 18:46:09 - scraping.schedule_scraper - INFO - Parsing schedule page with BeautifulSoup
2025-12-05 18:46:10 - scraping.schedule_scraper - INFO - Extracting match links from schedule
2025-12-05 18:46:10 - scraping.schedule_scraper - INFO - Successfully extracted 107 match links
2025-12-05 18:46:10 - scraping.schedule_scraper - INFO - Closing WebDriver
2025-12-05 18:46:13 - __main__ - INFO - Found 107 total links
2025-12-05 18:46:13 - __main__ - INFO - Found 1 match scorecards
2025-12-05 18:46:13 - __main__ - INFO - Starting match scraping process
2025-12-05 18:46:13 - __main__ - INFO - Processing match 1/1: https://www.espncricinfo.com/series/ipl-2025-1449924/kolkata-knight-riders-vs-royal-challengers-bengaluru-1st-match-1473438/full-scorecard
2025-12-05 18:46:13 - __main__ - INFO - Downloading match 1473438
2025-12-05 18:46:13 - scraping.match_scraper - INFO - Initializing WebDriver
2025-12-05 18:46:16 - scraping.match_scraper - INFO - Loading full scorecard - attempt 1
2025-12-05 18:46:27 - scraping.match_scraper - INFO - full scorecard loaded successfully
2025-12-05 18:46:27 - scraping.match_scraper - INFO - Scrolling full scorecard page
2025-12-05 18:46:27 - core.page_navigator - INFO - Scrolling page 5 times
2025-12-05 18:46:37 - core.page_navigator - INFO - Page scrolling completed
2025-12-05 18:46:40 - scraping.match_scraper - INFO - Extracting metadata
2025-12-05 18:46:41 - core.metadata_extractor - INFO - Found 14 metadata rows for match 1473438
2025-12-05 18:46:41 - core.metadata_extractor - INFO - Extracted 15 metadata fields for match 1473438
2025-12-05 18:46:41 - scraping.match_scraper - INFO - Loading commentary page - attempt 1
2025-12-05 18:46:50 - scraping.match_scraper - INFO - commentary page loaded successfully
2025-12-05 18:46:50 - scraping.match_scraper - INFO - Scrolling commentary page
2025-12-05 18:46:50 - core.page_navigator - INFO - Scrolling page 25 times
2025-12-05 18:49:21 - core.page_navigator - ERROR - Error during page scroll: HTTPConnectionPool(host='localhost', port=57489): Read timed out. (read timeout=120)
2025-12-05 18:49:24 - scraping.match_scraper - INFO - Extracting first innings data
2025-12-05 18:51:24 - scraping.match_scraper - ERROR - Error scraping match 1473438: HTTPConnectionPool(host='localhost', port=57489): Read timed out. (read timeout=120)
Traceback (most recent call last):
  File "C:\Users\prade\PycharmProjects\Cricinfo_scraper\.venv\Lib\site-packages\urllib3\connectionpool.py", line 534, in _make_request
    response = conn.getresponse()
               ^^^^^^^^^^^^^^^^^^
  File "C:\Users\prade\PycharmProjects\Cricinfo_scraper\.venv\Lib\site-packages\urllib3\connection.py", line 516, in getresponse
    httplib_response = super().getresponse()
                       ^^^^^^^^^^^^^^^^^^^^^
  File "C:\Users\prade\AppData\Local\Programs\Python\Python311\Lib\http\client.py", line 1395, in getresponse
    response.begin()
  File "C:\Users\prade\AppData\Local\Programs\Python\Python311\Lib\http\client.py", line 325, in begin
    version, status, reason = self._read_status()
                              ^^^^^^^^^^^^^^^^^^^
  File "C:\Users\prade\AppData\Local\Programs\Python\Python311\Lib\http\client.py", line 286, in _read_status
    line = str(self.fp.readline(_MAXLINE + 1), "iso-8859-1")
               ^^^^^^^^^^^^^^^^^^^^^^^^^^^^^^
  File "C:\Users\prade\AppData\Local\Programs\Python\Python311\Lib\socket.py", line 706, in readinto
    return self._sock.recv_into(b)
           ^^^^^^^^^^^^^^^^^^^^^^^
TimeoutError: timed out

The above exception was the direct cause of the following exception:

Traceback (most recent call last):
  File "C:\Users\prade\Pycharm\Cricinfo_scraper\scraping\match_scraper.py", line 180, in scrape
    default_team_name = self.get_current_innings_team(driver)
                        ^^^^^^^^^^^^^^^^^^^^^^^^^^^^^^^^^^^^^
  File "C:\Users\prade\Pycharm\Cricinfo_scraper\scraping\match_scraper.py", line 290, in get_current_innings_team
    team_element = driver.find_element("css selector", "div.ds-cursor-pointer.ds-min-w-max")
                   ^^^^^^^^^^^^^^^^^^^^^^^^^^^^^^^^^^^^^^^^^^^^^^^^^^^^^^^^^^^^^^^^^^^^^^^^^
  File "C:\Users\prade\PycharmProjects\Cricinfo_scraper\.venv\Lib\site-packages\selenium\webdriver\remote\webdriver.py", line 914, in find_element
    return self.execute(Command.FIND_ELEMENT, {"using": by, "value": value})["value"]
           ^^^^^^^^^^^^^^^^^^^^^^^^^^^^^^^^^^^^^^^^^^^^^^^^^^^^^^^^^^^^^^^^^
  File "C:\Users\prade\PycharmProjects\Cricinfo_scraper\.venv\Lib\site-packages\selenium\webdriver\remote\webdriver.py", line 445, in execute
    response = self.command_executor.execute(driver_command, params)
               ^^^^^^^^^^^^^^^^^^^^^^^^^^^^^^^^^^^^^^^^^^^^^^^^^^^^^
  File "C:\Users\prade\PycharmProjects\Cricinfo_scraper\.venv\Lib\site-packages\selenium\webdriver\remote\remote_connection.py", line 404, in execute
    return self._request(command_info[0], url, body=data)
           ^^^^^^^^^^^^^^^^^^^^^^^^^^^^^^^^^^^^^^^^^^^^^^
  File "C:\Users\prade\PycharmProjects\Cricinfo_scraper\.venv\Lib\site-packages\selenium\webdriver\remote\remote_connection.py", line 428, in _request
    response = self._conn.request(method, url, body=body, headers=headers, timeout=self._client_config.timeout)
               ^^^^^^^^^^^^^^^^^^^^^^^^^^^^^^^^^^^^^^^^^^^^^^^^^^^^^^^^^^^^^^^^^^^^^^^^^^^^^^^^^^^^^^^^^^^^^^^^
  File "C:\Users\prade\PycharmProjects\Cricinfo_scraper\.venv\Lib\site-packages\urllib3\_request_methods.py", line 143, in request
    return self.request_encode_body(
           ^^^^^^^^^^^^^^^^^^^^^^^^^
  File "C:\Users\prade\PycharmProjects\Cricinfo_scraper\.venv\Lib\site-packages\urllib3\_request_methods.py", line 278, in request_encode_body
    return self.urlopen(method, url, **extra_kw)
           ^^^^^^^^^^^^^^^^^^^^^^^^^^^^^^^^^^^^^
  File "C:\Users\prade\PycharmProjects\Cricinfo_scraper\.venv\Lib\site-packages\urllib3\poolmanager.py", line 443, in urlopen
    response = conn.urlopen(method, u.request_uri, **kw)
               ^^^^^^^^^^^^^^^^^^^^^^^^^^^^^^^^^^^^^^^^^
  File "C:\Users\prade\PycharmProjects\Cricinfo_scraper\.venv\Lib\site-packages\urllib3\connectionpool.py", line 841, in urlopen
    retries = retries.increment(
              ^^^^^^^^^^^^^^^^^^
  File "C:\Users\prade\PycharmProjects\Cricinfo_scraper\.venv\Lib\site-packages\urllib3\util\retry.py", line 474, in increment
    raise reraise(type(error), error, _stacktrace)
          ^^^^^^^^^^^^^^^^^^^^^^^^^^^^^^^^^^^^^^^^
  File "C:\Users\prade\PycharmProjects\Cricinfo_scraper\.venv\Lib\site-packages\urllib3\util\util.py", line 39, in reraise
    raise value
  File "C:\Users\prade\PycharmProjects\Cricinfo_scraper\.venv\Lib\site-packages\urllib3\connectionpool.py", line 787, in urlopen
    response = self._make_request(
               ^^^^^^^^^^^^^^^^^^^
  File "C:\Users\prade\PycharmProjects\Cricinfo_scraper\.venv\Lib\site-packages\urllib3\connectionpool.py", line 536, in _make_request
    self._raise_timeout(err=e, url=url, timeout_value=read_timeout)
  File "C:\Users\prade\PycharmProjects\Cricinfo_scraper\.venv\Lib\site-packages\urllib3\connectionpool.py", line 367, in _raise_timeout
    raise ReadTimeoutError(
urllib3.exceptions.ReadTimeoutError: HTTPConnectionPool(host='localhost', port=57489): Read timed out. (read timeout=120)
2025-12-05 18:51:24 - scraping.match_scraper - INFO - Closing WebDriver
2025-12-05 18:56:27 - __main__ - INFO - Cricket Data Pipeline Started
2025-12-05 18:56:27 - __main__ - INFO - STEP 1: Initializing database and schemas
2025-12-05 18:56:28 - configs.db_config - INFO - Initializing Medallion Architecture schemas...
2025-12-05 18:56:28 - configs.db_config - INFO - Medallion schemas (Bronze, Silver, Gold) initialized
2025-12-05 18:56:28 - __main__ - INFO - Database initialization complete
2025-12-05 18:56:28 - __main__ - INFO - STEP 2: Loading configuration
2025-12-05 18:56:28 - __main__ - INFO - Configuration loaded successfully
2025-12-05 18:56:28 - __main__ - INFO - STEP 3: Scraping data from Cricinfo
2025-12-05 18:56:28 - __main__ - INFO - Initializing match tracker
2025-12-05 18:56:28 - __main__ - INFO - Current Status: 0 matches already downloaded
2025-12-05 18:56:28 - __main__ - INFO - Fetching match schedule from Cricinfo
2025-12-05 18:56:28 - scraping.schedule_scraper - INFO - Initializing WebDriver for schedule scraping
2025-12-05 18:56:31 - scraping.schedule_scraper - INFO - Loading schedule page - attempt 1
2025-12-05 18:56:42 - scraping.schedule_scraper - INFO - Schedule page loaded successfully
2025-12-05 18:56:42 - scraping.schedule_scraper - INFO - Parsing schedule page with BeautifulSoup
2025-12-05 18:56:43 - scraping.schedule_scraper - INFO - Extracting match links from schedule
2025-12-05 18:56:43 - scraping.schedule_scraper - INFO - Successfully extracted 107 match links
2025-12-05 18:56:43 - scraping.schedule_scraper - INFO - Closing WebDriver
2025-12-05 18:56:45 - __main__ - INFO - Found 107 total links
2025-12-05 18:56:45 - __main__ - INFO - Found 1 match scorecards
2025-12-05 18:56:45 - __main__ - INFO - Starting match scraping process
2025-12-05 18:56:45 - __main__ - INFO - Processing match 1/1: https://www.espncricinfo.com/series/ipl-2025-1449924/kolkata-knight-riders-vs-royal-challengers-bengaluru-1st-match-1473438/full-scorecard
2025-12-05 18:56:45 - __main__ - INFO - Downloading match 1473438
2025-12-05 18:56:45 - scraping.match_scraper - INFO - Initializing WebDriver
2025-12-05 18:56:49 - scraping.match_scraper - INFO - Loading full scorecard - attempt 1
2025-12-05 18:57:00 - scraping.match_scraper - INFO - full scorecard loaded successfully
2025-12-05 18:57:00 - scraping.match_scraper - INFO - Scrolling full scorecard page
2025-12-05 18:57:00 - core.page_navigator - INFO - Scrolling page 5 times
2025-12-05 18:57:11 - core.page_navigator - INFO - Page scrolling completed
2025-12-05 18:57:14 - scraping.match_scraper - INFO - Extracting metadata
2025-12-05 18:57:15 - core.metadata_extractor - INFO - Found 14 metadata rows for match 1473438
2025-12-05 18:57:15 - core.metadata_extractor - INFO - Extracted 15 metadata fields for match 1473438
2025-12-05 18:57:15 - scraping.match_scraper - INFO - Loading commentary page - attempt 1
2025-12-05 18:57:25 - scraping.match_scraper - INFO - commentary page loaded successfully
2025-12-05 18:57:25 - scraping.match_scraper - INFO - Scrolling commentary page
2025-12-05 18:57:25 - core.page_navigator - INFO - Scrolling page 25 times
2025-12-05 18:58:16 - core.page_navigator - INFO - Page scrolling completed
2025-12-05 18:58:19 - scraping.match_scraper - INFO - Extracting first innings data
2025-12-05 18:58:19 - scraping.match_scraper - INFO - Default batting team: RCB
2025-12-05 18:58:19 - core.commentary_parser - INFO - Found 99 commentary blocks
2025-12-05 18:58:19 - core.commentary_parser - INFO - Parsed 99 commentary entries
2025-12-05 18:58:19 - core.commentary_parser - INFO - Created DataFrame with 99 rows
2025-12-05 18:58:19 - scraping.match_scraper - INFO - First innings: 99 events
2025-12-05 18:58:19 - core.page_navigator - INFO - Scrolling to top of page
2025-12-05 18:58:25 - scraping.match_scraper - INFO - Switching to second innings
2025-12-05 18:58:25 - core.page_navigator - INFO - Switching innings from: RCB
2025-12-05 18:59:00 - core.page_navigator - INFO - Switching to innings: KKR
2025-12-05 18:59:02 - core.page_navigator - INFO - Successfully switched to KKR
2025-12-05 18:59:02 - scraping.match_scraper - INFO - Switched batting team: KKR
2025-12-05 18:59:02 - scraping.match_scraper - INFO - Saving metadata to database
2025-12-05 18:59:07 - core.page_navigator - INFO - Scrolling page 25 times
2025-12-05 18:59:58 - core.page_navigator - INFO - Page scrolling completed
2025-12-05 19:00:01 - core.commentary_parser - INFO - Found 124 commentary blocks
2025-12-05 19:00:01 - core.commentary_parser - INFO - Parsed 124 commentary entries
2025-12-05 19:00:01 - core.commentary_parser - INFO - Created DataFrame with 124 rows
2025-12-05 19:00:01 - scraping.match_scraper - INFO - Second innings: 124 events
2025-12-05 19:00:01 - scraping.match_scraper - INFO - Saving commentary to database
2025-12-05 19:00:01 - scraping.match_scraper - INFO - Commentary saved: 223 total events
2025-12-05 19:00:01 - scraping.match_scraper - INFO - Successfully completed scraping match 1473438
2025-12-05 19:00:01 - scraping.match_scraper - INFO - Closing WebDriver
2025-12-05 19:00:04 - __main__ - INFO - Successfully downloaded match 1473438
2025-12-05 19:00:04 - __main__ - INFO - Scraping complete - Found: 1, Downloaded: 1, Skipped: 0, Failed: 0
2025-12-05 19:00:04 - __main__ - INFO - STEP 4: Processing through Medallion Architecture
2025-12-05 19:00:04 - __main__ - INFO - Starting Medallion Architecture pipeline
2025-12-05 19:00:04 - pipeline.orchestrator - INFO - Pipeline Orchestrator initialized
2025-12-05 19:00:04 - pipeline.orchestrator - INFO - 
================================================================================
2025-12-05 19:00:04 - pipeline.orchestrator - INFO - MEDALLION ARCHITECTURE PIPELINE - STARTING
2025-12-05 19:00:04 - pipeline.orchestrator - INFO - ================================================================================
2025-12-05 19:00:04 - pipeline.orchestrator - INFO - Start Time: 2025-12-05 19:00:04.441020
2025-12-05 19:00:04 - pipeline.orchestrator - INFO - Layers to execute: bronze, silver, gold
2025-12-05 19:00:04 - pipeline.orchestrator - INFO - ================================================================================
2025-12-05 19:00:04 - medallionlayer.bronze_layer - INFO - Bronze Layer initialized - Run ID: c2148bbd-3be1-4a82-a06b-8ce2921bc58e
2025-12-05 19:00:04 - medallionlayer.bronze_layer - INFO - ======================================================================
2025-12-05 19:00:04 - medallionlayer.bronze_layer - INFO - BRONZE LAYER - Starting
2025-12-05 19:00:04 - medallionlayer.bronze_layer - INFO - ======================================================================
2025-12-05 19:00:04 - medallionlayer.bronze_layer - INFO - 
Processing table: match_metadata
2025-12-05 19:00:04 - medallionlayer.bronze_layer - INFO - Read 1 rows from raw.match_metadata
2025-12-05 19:00:04 - medallionlayer.bronze_layer - INFO -   No duplicates found based on ['matchid']
2025-12-05 19:00:04 - medallionlayer.bronze_layer - INFO - After quality checks: 1 rows (removed 0)
2025-12-05 19:00:04 - medallionlayer.bronze_layer - INFO - match_metadata: 1 rows ingested
2025-12-05 19:00:04 - medallionlayer.bronze_layer - INFO - 
Processing table: match_events
2025-12-05 19:00:04 - medallionlayer.bronze_layer - INFO - Read 223 rows from raw.match_events
2025-12-05 19:00:04 - medallionlayer.bronze_layer - INFO -   No duplicates found based on ['matchid', 'ball', 'innings', 'commentary']
2025-12-05 19:00:04 - medallionlayer.bronze_layer - INFO - After quality checks: 223 rows (removed 0)
2025-12-05 19:00:05 - medallionlayer.bronze_layer - INFO - match_events: 223 rows ingested
2025-12-05 19:00:05 - medallionlayer.bronze_layer - INFO - 
Validating innings data...
2025-12-05 19:00:05 - medallionlayer.bronze_layer - INFO - All matches have complete innings data
2025-12-05 19:00:05 - medallionlayer.bronze_layer - INFO - 
======================================================================
2025-12-05 19:00:05 - medallionlayer.bronze_layer - INFO - DATA QUALITY REPORT
2025-12-05 19:00:05 - medallionlayer.bronze_layer - INFO - ======================================================================
2025-12-05 19:00:05 - medallionlayer.bronze_layer - INFO - 
DUPLICATES REMOVED:
2025-12-05 19:00:05 - medallionlayer.bronze_layer - INFO -   match_metadata: No duplicates found
2025-12-05 19:00:05 - medallionlayer.bronze_layer - INFO -   match_events: No duplicates found
2025-12-05 19:00:05 - medallionlayer.bronze_layer - INFO - 
NULL VALUES FOUND:
2025-12-05 19:00:05 - medallionlayer.bronze_layer - INFO -   match_metadata: No null values in required columns
2025-12-05 19:00:05 - medallionlayer.bronze_layer - INFO -   match_events: No null values in required columns
2025-12-05 19:00:05 - medallionlayer.bronze_layer - INFO - 
INNINGS VALIDATION:
2025-12-05 19:00:05 - medallionlayer.bronze_layer - INFO - All matches have complete innings data
2025-12-05 19:00:05 - medallionlayer.bronze_layer - INFO - ======================================================================

2025-12-05 19:00:05 - medallionlayer.bronze_layer - INFO - 
======================================================================
2025-12-05 19:00:05 - medallionlayer.bronze_layer - INFO - BRONZE LAYER - Complete
2025-12-05 19:00:05 - medallionlayer.bronze_layer - INFO - Tables Processed: 2/2
2025-12-05 19:00:05 - medallionlayer.bronze_layer - INFO - Total Rows: 224
2025-12-05 19:00:05 - medallionlayer.bronze_layer - INFO - ======================================================================
2025-12-05 19:00:05 - medallionlayer.silver_layer - INFO - Silver Layer initialized
2025-12-05 19:00:05 - medallionlayer.silver_layer - INFO - ======================================================================
2025-12-05 19:00:05 - medallionlayer.silver_layer - INFO - SILVER LAYER - Starting
2025-12-05 19:00:05 - medallionlayer.silver_layer - INFO - ======================================================================
2025-12-05 19:00:05 - medallionlayer.silver_layer - INFO - 
Processing table: match_metadata
2025-12-05 19:00:05 - medallionlayer.silver_layer - INFO - Read 1 rows from bronze.match_metadata
2025-12-05 19:00:05 - medallionlayer.silver_layer - INFO -   Cleaned columns: ['venue', 'series', 'toss', 'player_of_the_match']
2025-12-05 19:00:05 - medallionlayer.silver_layer - INFO - After transformations: 1 rows (removed 0)
2025-12-05 19:00:05 - medallionlayer.silver_layer - INFO -   Removed Bronze audit columns: ['ingestion_timestamp', 'source_system', 'pipeline_run_id', 'is_active']
2025-12-05 19:00:05 - medallionlayer.silver_layer - INFO - match_metadata: 1 rows processed
2025-12-05 19:00:05 - medallionlayer.silver_layer - INFO - 
Processing table: match_events
2025-12-05 19:00:05 - medallionlayer.silver_layer - INFO - Read 223 rows from bronze.match_events
2025-12-05 19:00:05 - medallionlayer.silver_layer - INFO -   Cleaned columns: ['bowler', 'batsman', 'commentary', 'innings']
2025-12-05 19:00:05 - medallionlayer.silver_layer - INFO -   Converting 'score' column to numeric...
2025-12-05 19:00:05 - medallionlayer.silver_layer - INFO -   Score conversion: 212 converted, 11 not converted (set to 0)
2025-12-05 19:00:05 - medallionlayer.silver_layer - INFO - After transformations: 223 rows (removed 0)
2025-12-05 19:00:05 - medallionlayer.silver_layer - INFO -   Removed Bronze audit columns: ['ingestion_timestamp', 'source_system', 'pipeline_run_id', 'is_active']
2025-12-05 19:00:05 - medallionlayer.silver_layer - INFO - match_events: 223 rows processed
2025-12-05 19:00:05 - medallionlayer.silver_layer - INFO - 
======================================================================
2025-12-05 19:00:05 - medallionlayer.silver_layer - INFO - SILVER LAYER - Complete
2025-12-05 19:00:05 - medallionlayer.silver_layer - INFO - Tables Processed: 2
2025-12-05 19:00:05 - medallionlayer.silver_layer - INFO - Total Rows: 224
2025-12-05 19:00:05 - medallionlayer.silver_layer - INFO - ======================================================================
2025-12-05 19:00:05 - medallionlayer.gold_layer - INFO - Gold Layer initialized
2025-12-05 19:00:05 - medallionlayer.gold_layer - INFO - ======================================================================
2025-12-05 19:00:05 - medallionlayer.gold_layer - INFO - GOLD LAYER - Starting
2025-12-05 19:00:05 - medallionlayer.gold_layer - INFO - ======================================================================
2025-12-05 19:00:05 - medallionlayer.gold_layer - INFO - 
Processing aggregation: match_summary
2025-12-05 19:00:05 - medallionlayer.gold_layer - INFO - Read 1 rows from silver.match_metadata
2025-12-05 19:00:05 - medallionlayer.gold_layer - INFO -   Selected 1 distinct rows (no aggregation)
2025-12-05 19:00:05 - medallionlayer.gold_layer - INFO -   Selected 7 columns for Gold: ['matchid', 'venue', 'series', 'season', 'player_of_the_match', 'first_innings', 'second_innings']
2025-12-05 19:00:05 - medallionlayer.gold_layer - INFO - Final DataFrame columns: ['matchid', 'venue', 'series', 'season', 'player_of_the_match', 'first_innings', 'second_innings', 'created_at', 'updated_at']
2025-12-05 19:00:05 - medallionlayer.gold_layer - INFO - Successfully wrote 1 rows to gold.match_summary
2025-12-05 19:00:05 - medallionlayer.gold_layer - INFO - Successfully created 1 rows for match_summary
2025-12-05 19:00:05 - medallionlayer.gold_layer - INFO - 
Processing aggregation: series_summary
2025-12-05 19:00:05 - medallionlayer.gold_layer - INFO - Read 1 rows from silver.match_metadata
2025-12-05 19:00:05 - medallionlayer.gold_layer - INFO -   Aggregated to 1 rows
2025-12-05 19:00:05 - medallionlayer.gold_layer - INFO -   Selected 3 columns for Gold: ['series', 'season', 'total_matches']
2025-12-05 19:00:05 - medallionlayer.gold_layer - INFO - Final DataFrame columns: ['series', 'season', 'total_matches', 'created_at', 'updated_at']
2025-12-05 19:00:06 - medallionlayer.gold_layer - INFO - Successfully wrote 1 rows to gold.series_summary
2025-12-05 19:00:06 - medallionlayer.gold_layer - INFO - Successfully created 1 rows for series_summary
2025-12-05 19:00:06 - medallionlayer.gold_layer - INFO - 
Processing aggregation: venue_statistics
2025-12-05 19:00:06 - medallionlayer.gold_layer - INFO - Read 1 rows from silver.match_metadata
2025-12-05 19:00:06 - medallionlayer.gold_layer - INFO -   Aggregated to 1 rows
2025-12-05 19:00:06 - medallionlayer.gold_layer - INFO -   Selected 3 columns for Gold: ['venue', 'season', 'total_matches']
2025-12-05 19:00:06 - medallionlayer.gold_layer - INFO - Final DataFrame columns: ['venue', 'season', 'total_matches', 'created_at', 'updated_at']
2025-12-05 19:00:06 - medallionlayer.gold_layer - INFO - Successfully wrote 1 rows to gold.venue_statistics
2025-12-05 19:00:06 - medallionlayer.gold_layer - INFO - Successfully created 1 rows for venue_statistics
2025-12-05 19:00:06 - medallionlayer.gold_layer - INFO - 
Processing aggregation: match_ball_statistics
2025-12-05 19:00:06 - medallionlayer.gold_layer - INFO - Read 223 rows from silver.match_events
2025-12-05 19:00:06 - medallionlayer.gold_layer - INFO -   Aggregated to 2 rows
2025-12-05 19:00:06 - medallionlayer.gold_layer - INFO - Final DataFrame columns: ['matchid', 'innings', 'total_balls', 'total_runs', 'created_at', 'updated_at']
2025-12-05 19:00:06 - medallionlayer.gold_layer - INFO - Successfully wrote 2 rows to gold.match_ball_statistics
2025-12-05 19:00:06 - medallionlayer.gold_layer - INFO - Successfully created 2 rows for match_ball_statistics
2025-12-05 19:00:06 - medallionlayer.gold_layer - INFO - 
Processing aggregation: batsman_statistics
2025-12-05 19:00:06 - medallionlayer.gold_layer - INFO - Read 223 rows from silver.match_events
2025-12-05 19:00:06 - medallionlayer.gold_layer - INFO -   Excluded 9 extras from aggregation
2025-12-05 19:00:06 - medallionlayer.gold_layer - INFO -   Filtered extras: 223 -> 214 rows (9 extras removed)
2025-12-05 19:00:06 - medallionlayer.gold_layer - INFO -   Aggregated to 15 rows
2025-12-05 19:00:06 - medallionlayer.gold_layer - INFO -   Selected 5 columns for Gold: ['matchid', 'batsman', 'innings', 'total_runs', 'balls_faced']
2025-12-05 19:00:06 - medallionlayer.gold_layer - INFO - Final DataFrame columns: ['matchid', 'batsman', 'innings', 'total_runs', 'balls_faced', 'created_at', 'updated_at']
2025-12-05 19:00:06 - medallionlayer.gold_layer - INFO - Successfully wrote 15 rows to gold.batsman_statistics
2025-12-05 19:00:06 - medallionlayer.gold_layer - INFO - Successfully created 15 rows for batsman_statistics
2025-12-05 19:00:06 - medallionlayer.gold_layer - INFO - 
Processing aggregation: bowler_statistics
2025-12-05 19:00:06 - medallionlayer.gold_layer - INFO - Read 223 rows from silver.match_events
2025-12-05 19:00:06 - medallionlayer.gold_layer - INFO -   Aggregated to 11 rows
2025-12-05 19:00:06 - medallionlayer.gold_layer - INFO - Final DataFrame columns: ['matchid', 'bowler', 'innings', 'balls_bowled', 'runs_conceded', 'created_at', 'updated_at']
2025-12-05 19:00:06 - medallionlayer.gold_layer - INFO - Successfully wrote 11 rows to gold.bowler_statistics
2025-12-05 19:00:06 - medallionlayer.gold_layer - INFO - Successfully created 11 rows for bowler_statistics
2025-12-05 19:00:06 - medallionlayer.gold_layer - INFO - 
======================================================================
2025-12-05 19:00:06 - medallionlayer.gold_layer - INFO - GOLD LAYER - Complete
2025-12-05 19:00:06 - medallionlayer.gold_layer - INFO - Aggregations Processed: 6
2025-12-05 19:00:06 - medallionlayer.gold_layer - INFO - Total Rows: 31
2025-12-05 19:00:06 - medallionlayer.gold_layer - INFO - ======================================================================
2025-12-05 19:00:06 - pipeline.orchestrator - INFO - 
================================================================================
2025-12-05 19:00:06 - pipeline.orchestrator - INFO - PIPELINE EXECUTION SUMMARY
2025-12-05 19:00:06 - pipeline.orchestrator - INFO - ================================================================================
2025-12-05 19:00:06 - pipeline.orchestrator - INFO - Status: SUCCESS
2025-12-05 19:00:06 - pipeline.orchestrator - INFO - Duration: 2.56 seconds
2025-12-05 19:00:06 - pipeline.orchestrator - INFO - 
BRONZE Layer:
2025-12-05 19:00:06 - pipeline.orchestrator - INFO -   Status: success
2025-12-05 19:00:06 - pipeline.orchestrator - INFO -   Tables Processed: 2
2025-12-05 19:00:06 - pipeline.orchestrator - INFO -   Total Rows: 224
2025-12-05 19:00:06 - pipeline.orchestrator - INFO - 
SILVER Layer:
2025-12-05 19:00:06 - pipeline.orchestrator - INFO -   Status: success
2025-12-05 19:00:06 - pipeline.orchestrator - INFO -   Tables Processed: 2
2025-12-05 19:00:06 - pipeline.orchestrator - INFO -   Total Rows: 224
2025-12-05 19:00:06 - pipeline.orchestrator - INFO - 
GOLD Layer:
2025-12-05 19:00:06 - pipeline.orchestrator - INFO -   Status: success
2025-12-05 19:00:06 - pipeline.orchestrator - INFO -   Aggregations: 6
2025-12-05 19:00:06 - pipeline.orchestrator - INFO -   Total Rows: 31
2025-12-05 19:00:06 - pipeline.orchestrator - INFO - ================================================================================

2025-12-05 19:00:06 - __main__ - INFO - Pipeline completed - Status: success, Duration: 2.56s
2025-12-05 19:00:06 - __main__ - INFO - Pipeline completed successfully
