2025-12-07 00:00:13 - __main__ - INFO - Cricket Data Pipeline Started
2025-12-07 00:00:13 - __main__ - INFO - STEP 1: Initializing database and schemas
2025-12-07 00:00:14 - configs.db_config - INFO - Initializing Medallion Architecture schemas...
2025-12-07 00:00:14 - configs.db_config - INFO - Medallion schemas (Bronze, Silver, Gold) initialized
2025-12-07 00:00:14 - __main__ - INFO - Database initialization complete
2025-12-07 00:00:14 - __main__ - INFO - STEP 2: Loading configuration
2025-12-07 00:00:14 - __main__ - INFO - Configuration loaded successfully
2025-12-07 00:00:14 - __main__ - INFO - STEP 3: Scraping data from Cricinfo
2025-12-07 00:00:14 - __main__ - INFO - Initializing match tracker
2025-12-07 00:00:14 - __main__ - INFO - Current Status: 0 matches already downloaded
2025-12-07 00:00:14 - __main__ - INFO - Fetching match schedule from Cricinfo
2025-12-07 00:00:14 - scraping.schedule_scraper - INFO - Initializing WebDriver for schedule scraping
2025-12-07 00:00:22 - scraping.schedule_scraper - INFO - Loading schedule page - attempt 1
2025-12-07 00:00:33 - scraping.schedule_scraper - INFO - Schedule page loaded successfully
2025-12-07 00:00:33 - scraping.schedule_scraper - INFO - Parsing schedule page with BeautifulSoup
2025-12-07 00:00:43 - scraping.schedule_scraper - INFO - Extracting match links from schedule
2025-12-07 00:00:43 - scraping.schedule_scraper - INFO - Successfully extracted 110 match links
2025-12-07 00:00:43 - scraping.schedule_scraper - INFO - Closing WebDriver
2025-12-07 00:00:46 - __main__ - INFO - Found 110 total links
2025-12-07 00:00:46 - __main__ - INFO - Found 1 match scorecards
2025-12-07 00:00:46 - __main__ - INFO - Starting match scraping process
2025-12-07 00:00:46 - __main__ - INFO - Processing match 1/1: https://www.espncricinfo.com/series/ipl-2025-1449924/kolkata-knight-riders-vs-royal-challengers-bengaluru-1st-match-1473438/full-scorecard
2025-12-07 00:00:46 - __main__ - INFO - Downloading match 1473438
2025-12-07 00:00:46 - scraping.player_extractor - INFO - PlayerExtractor initialized - Target: raw.match_players
2025-12-07 00:00:46 - scraping.match_scraper - INFO - Initializing WebDriver
2025-12-07 00:00:49 - scraping.match_scraper - INFO - Loading full scorecard - attempt 1
2025-12-07 00:01:01 - scraping.match_scraper - INFO - full scorecard loaded successfully
2025-12-07 00:01:01 - scraping.match_scraper - INFO - Scrolling full scorecard page
2025-12-07 00:01:01 - core.page_navigator - INFO - Scrolling page 5 times
2025-12-07 00:01:19 - core.page_navigator - INFO - Page scrolling completed
2025-12-07 00:01:22 - scraping.match_scraper - INFO - Extracting metadata
2025-12-07 00:01:22 - core.metadata_extractor - INFO - Found 14 metadata rows for match 1473438
2025-12-07 00:01:22 - core.metadata_extractor - INFO - Extracted 15 metadata fields for match 1473438
2025-12-07 00:01:22 - scraping.match_scraper - INFO - Extracting player rosters...
2025-12-07 00:01:23 - scraping.player_extractor - INFO - Extracting players for match 1473438
2025-12-07 00:01:23 - core.metadata_extractor - INFO - Extracting player names for match 1473438
2025-12-07 00:01:23 - core.metadata_extractor - INFO - Found 2 scorecard table(s)
2025-12-07 00:01:23 - core.metadata_extractor - INFO -   innings_1 (Kolkata Knight Riders): 10 batted, 1 did not bat
2025-12-07 00:01:23 - core.metadata_extractor - INFO -   innings_2 (Royal Challengers Bengaluru): 5 batted, 6 did not bat
2025-12-07 00:01:23 - core.metadata_extractor - INFO -   Found 10 impact players/substitutes
2025-12-07 00:01:23 - core.metadata_extractor - INFO - Created DataFrame with 32 player records from 2 innings
2025-12-07 00:01:23 - scraping.player_extractor - INFO - Stored 32 players for match 1473438
2025-12-07 00:01:23 - scraping.player_extractor - INFO -   Teams: Kolkata Knight Riders, Royal Challengers Bengaluru
2025-12-07 00:01:23 - scraping.player_extractor - INFO -   Batted: 15, Did not bat: 17
2025-12-07 00:01:23 - scraping.match_scraper - INFO - Stored 32 players
2025-12-07 00:01:23 - scraping.match_scraper - INFO -   - Kolkata Knight Riders
2025-12-07 00:01:23 - scraping.match_scraper - INFO -   - Royal Challengers Bengaluru
2025-12-07 00:01:23 - scraping.match_scraper - INFO - Loading commentary page - attempt 1
2025-12-07 00:01:32 - scraping.match_scraper - INFO - commentary page loaded successfully
2025-12-07 00:01:32 - scraping.match_scraper - INFO - Scrolling commentary page
2025-12-07 00:01:32 - core.page_navigator - INFO - Scrolling page 25 times
2025-12-07 00:02:23 - core.page_navigator - INFO - Page scrolling completed
2025-12-07 00:02:26 - scraping.match_scraper - INFO - Extracting first innings data
2025-12-07 00:02:26 - scraping.match_scraper - INFO - Default batting team: RCB
2025-12-07 00:02:26 - core.commentary_parser - INFO - Found 99 commentary blocks
2025-12-07 00:02:26 - core.commentary_parser - INFO - Parsed 99 commentary entries
2025-12-07 00:02:26 - core.commentary_parser - INFO - Created DataFrame with 99 rows
2025-12-07 00:02:26 - scraping.match_scraper - INFO - First innings: 99 events
2025-12-07 00:02:26 - core.page_navigator - INFO - Scrolling to top of page
2025-12-07 00:02:32 - scraping.match_scraper - INFO - Switching to second innings
2025-12-07 00:02:32 - core.page_navigator - INFO - Switching innings from: RCB
2025-12-07 00:03:07 - core.page_navigator - INFO - Switching to innings: KKR
2025-12-07 00:03:10 - core.page_navigator - INFO - Successfully switched to KKR
2025-12-07 00:03:10 - scraping.match_scraper - INFO - Switched batting team: KKR
2025-12-07 00:03:10 - scraping.match_scraper - INFO - Saving metadata to database
2025-12-07 00:03:15 - core.page_navigator - INFO - Scrolling page 25 times
2025-12-07 00:04:06 - core.page_navigator - INFO - Page scrolling completed
2025-12-07 00:04:09 - core.commentary_parser - INFO - Found 124 commentary blocks
2025-12-07 00:04:09 - core.commentary_parser - INFO - Parsed 124 commentary entries
2025-12-07 00:04:09 - core.commentary_parser - INFO - Created DataFrame with 124 rows
2025-12-07 00:04:09 - scraping.match_scraper - INFO - Second innings: 124 events
2025-12-07 00:04:09 - scraping.match_scraper - INFO - Saving commentary to database
2025-12-07 00:04:09 - scraping.match_scraper - INFO - Commentary saved: 223 total events
2025-12-07 00:04:09 - scraping.match_scraper - INFO - Successfully completed scraping match 1473438
2025-12-07 00:04:09 - scraping.match_scraper - INFO - Closing WebDriver
2025-12-07 00:04:12 - __main__ - INFO - Successfully downloaded match 1473438
2025-12-07 00:04:12 - __main__ - INFO - Scraping complete - Found: 1, Downloaded: 1, Skipped: 0, Failed: 0
2025-12-07 00:04:12 - __main__ - INFO - STEP 4: Processing through Medallion Architecture
2025-12-07 00:04:12 - __main__ - INFO - Starting Medallion Architecture pipeline
2025-12-07 00:04:12 - pipeline.orchestrator - INFO - Pipeline Orchestrator initialized
2025-12-07 00:04:12 - pipeline.orchestrator - INFO - 
================================================================================
2025-12-07 00:04:12 - pipeline.orchestrator - INFO - MEDALLION ARCHITECTURE PIPELINE - STARTING
2025-12-07 00:04:12 - pipeline.orchestrator - INFO - ================================================================================
2025-12-07 00:04:12 - pipeline.orchestrator - INFO - Start Time: 2025-12-07 00:04:12.264296
2025-12-07 00:04:12 - pipeline.orchestrator - INFO - Layers to execute: bronze, silver, gold
2025-12-07 00:04:12 - pipeline.orchestrator - INFO - ================================================================================
2025-12-07 00:04:12 - medallionlayer.bronze_layer - INFO - Bronze Layer initialized - Run ID: cf1a7a9e-5047-426e-bb81-6bc451d96078
2025-12-07 00:04:12 - medallionlayer.bronze_layer - INFO - ======================================================================
2025-12-07 00:04:12 - medallionlayer.bronze_layer - INFO - BRONZE LAYER - Starting
2025-12-07 00:04:12 - medallionlayer.bronze_layer - INFO - ======================================================================
2025-12-07 00:04:12 - medallionlayer.bronze_layer - INFO - 
Processing table: match_metadata
2025-12-07 00:04:12 - medallionlayer.bronze_layer - INFO - Read 1 rows from raw.match_metadata
2025-12-07 00:04:12 - medallionlayer.bronze_layer - INFO -   No duplicates found based on ['matchid']
2025-12-07 00:04:12 - medallionlayer.bronze_layer - INFO - After quality checks: 1 rows (removed 0)
2025-12-07 00:04:12 - medallionlayer.bronze_layer - INFO - match_metadata: 1 rows ingested
2025-12-07 00:04:12 - medallionlayer.bronze_layer - INFO - 
Processing table: match_events
2025-12-07 00:04:13 - medallionlayer.bronze_layer - INFO - Read 223 rows from raw.match_events
2025-12-07 00:04:13 - medallionlayer.bronze_layer - INFO -   No duplicates found based on ['matchid', 'ball', 'innings', 'commentary']
2025-12-07 00:04:13 - medallionlayer.bronze_layer - INFO - After quality checks: 223 rows (removed 0)
2025-12-07 00:04:13 - medallionlayer.bronze_layer - INFO - match_events: 223 rows ingested
2025-12-07 00:04:13 - medallionlayer.bronze_layer - INFO - 
Processing table: match_players
2025-12-07 00:04:13 - medallionlayer.bronze_layer - INFO - Read 32 rows from raw.match_players
2025-12-07 00:04:13 - medallionlayer.bronze_layer - INFO -   No duplicates found based on ['matchid', 'innings', 'player_name']
2025-12-07 00:04:13 - medallionlayer.bronze_layer - INFO - After quality checks: 32 rows (removed 0)
2025-12-07 00:04:13 - medallionlayer.bronze_layer - INFO - match_players: 32 rows ingested
2025-12-07 00:04:13 - medallionlayer.bronze_layer - INFO - 
Validating innings data...
2025-12-07 00:04:13 - medallionlayer.bronze_layer - INFO - All matches have complete innings data
2025-12-07 00:04:13 - medallionlayer.bronze_layer - INFO - 
======================================================================
2025-12-07 00:04:13 - medallionlayer.bronze_layer - INFO - DATA QUALITY REPORT
2025-12-07 00:04:13 - medallionlayer.bronze_layer - INFO - ======================================================================
2025-12-07 00:04:13 - medallionlayer.bronze_layer - INFO - 
DUPLICATES REMOVED:
2025-12-07 00:04:13 - medallionlayer.bronze_layer - INFO -   match_metadata: No duplicates found
2025-12-07 00:04:13 - medallionlayer.bronze_layer - INFO -   match_events: No duplicates found
2025-12-07 00:04:13 - medallionlayer.bronze_layer - INFO -   match_players: No duplicates found
2025-12-07 00:04:13 - medallionlayer.bronze_layer - INFO - 
NULL VALUES FOUND:
2025-12-07 00:04:13 - medallionlayer.bronze_layer - INFO -   match_metadata: No null values in required columns
2025-12-07 00:04:13 - medallionlayer.bronze_layer - INFO -   match_events: No null values in required columns
2025-12-07 00:04:13 - medallionlayer.bronze_layer - INFO -   match_players: No null values in required columns
2025-12-07 00:04:13 - medallionlayer.bronze_layer - INFO - 
INNINGS VALIDATION:
2025-12-07 00:04:13 - medallionlayer.bronze_layer - INFO - All matches have complete innings data
2025-12-07 00:04:13 - medallionlayer.bronze_layer - INFO - ======================================================================

2025-12-07 00:04:13 - medallionlayer.bronze_layer - INFO - 
======================================================================
2025-12-07 00:04:13 - medallionlayer.bronze_layer - INFO - BRONZE LAYER - Complete
2025-12-07 00:04:13 - medallionlayer.bronze_layer - INFO - Tables Processed: 3/3
2025-12-07 00:04:13 - medallionlayer.bronze_layer - INFO - Total Rows: 256
2025-12-07 00:04:13 - medallionlayer.bronze_layer - INFO - ======================================================================
2025-12-07 00:04:13 - medallionlayer.silver_layer - INFO - Silver Layer initialized
2025-12-07 00:04:13 - medallionlayer.silver_layer - INFO - ======================================================================
2025-12-07 00:04:13 - medallionlayer.silver_layer - INFO - SILVER LAYER - Starting
2025-12-07 00:04:13 - medallionlayer.silver_layer - INFO - ======================================================================
2025-12-07 00:04:13 - medallionlayer.silver_layer - INFO - 
Processing table: match_metadata
2025-12-07 00:04:13 - medallionlayer.silver_layer - INFO - Read 1 rows from bronze.match_metadata
2025-12-07 00:04:13 - medallionlayer.silver_layer - INFO -   Cleaned columns: ['venue', 'series', 'toss', 'player_of_the_match']
2025-12-07 00:04:13 - medallionlayer.silver_layer - INFO - After transformations: 1 rows (removed 0)
2025-12-07 00:04:13 - medallionlayer.silver_layer - INFO -   Removed Bronze audit columns: ['ingestion_timestamp', 'source_system', 'pipeline_run_id', 'is_active']
2025-12-07 00:04:13 - medallionlayer.silver_layer - INFO - match_metadata: 1 rows processed
2025-12-07 00:04:13 - medallionlayer.silver_layer - INFO - 
Processing table: match_events
2025-12-07 00:04:14 - medallionlayer.silver_layer - INFO - Read 223 rows from bronze.match_events
2025-12-07 00:04:14 - medallionlayer.silver_layer - INFO -   Cleaned columns: ['bowler', 'batsman', 'commentary', 'innings']
2025-12-07 00:04:14 - medallionlayer.silver_layer - INFO -   Converting 'score' column to numeric...
2025-12-07 00:04:14 - medallionlayer.silver_layer - INFO -   Score conversion: 212 converted, 11 not converted (set to 0)
2025-12-07 00:04:14 - medallionlayer.silver_layer - INFO -   Extracting dismissal information...
2025-12-07 00:04:14 - medallionlayer.silver_layer - INFO -   Extracted dismissal info for 7 wickets
2025-12-07 00:04:14 - medallionlayer.silver_layer - INFO -   Enriching player names for columns: ['batsman', 'bowler', 'fielder_name']
2025-12-07 00:04:14 - medallionlayer.silver_layer - INFO -   Loaded 32 player records for enrichment
2025-12-07 00:04:14 - medallionlayer.silver_layer - INFO -   Enriching column: batsman
2025-12-07 00:04:14 - medallionlayer.silver_layer - INFO -   Enriching column: bowler
2025-12-07 00:04:14 - medallionlayer.silver_layer - INFO -   Enriching column: fielder_name
2025-12-07 00:04:14 - medallionlayer.silver_layer - INFO -   Enrichment results:
2025-12-07 00:04:14 - medallionlayer.silver_layer - INFO -     batsman: 213 enriched, 10 not found, 0 null
2025-12-07 00:04:14 - medallionlayer.silver_layer - INFO -     bowler: 223 enriched, 0 not found, 0 null
2025-12-07 00:04:14 - medallionlayer.silver_layer - INFO -     fielder_name: 5 enriched, 1 not found, 217 null
2025-12-07 00:04:14 - medallionlayer.silver_layer - INFO - After transformations: 223 rows (removed 0)
2025-12-07 00:04:14 - medallionlayer.silver_layer - INFO -   Removed Bronze audit columns: ['ingestion_timestamp', 'source_system', 'pipeline_run_id', 'is_active']
2025-12-07 00:04:14 - medallionlayer.silver_layer - INFO - match_events: 223 rows processed
2025-12-07 00:04:14 - medallionlayer.silver_layer - INFO - 
Processing table: match_players
2025-12-07 00:04:14 - medallionlayer.silver_layer - INFO - Read 32 rows from bronze.match_players
2025-12-07 00:04:14 - medallionlayer.silver_layer - INFO -   Cleaned columns: ['player_name', 'team']
2025-12-07 00:04:14 - medallionlayer.silver_layer - INFO - After transformations: 32 rows (removed 0)
2025-12-07 00:04:14 - medallionlayer.silver_layer - INFO -   Removed Bronze audit columns: ['ingestion_timestamp', 'source_system', 'pipeline_run_id', 'is_active']
2025-12-07 00:04:14 - medallionlayer.silver_layer - INFO - match_players: 32 rows processed
2025-12-07 00:04:14 - medallionlayer.silver_layer - INFO - 
======================================================================
2025-12-07 00:04:14 - medallionlayer.silver_layer - INFO - SILVER LAYER - Complete
2025-12-07 00:04:14 - medallionlayer.silver_layer - INFO - Tables Processed: 3
2025-12-07 00:04:14 - medallionlayer.silver_layer - INFO - Total Rows: 256
2025-12-07 00:04:14 - medallionlayer.silver_layer - INFO - ======================================================================
2025-12-07 00:04:14 - medallionlayer.gold_layer - INFO - Gold Layer initialized
2025-12-07 00:04:14 - medallionlayer.gold_layer - INFO - ======================================================================
2025-12-07 00:04:14 - medallionlayer.gold_layer - INFO - GOLD LAYER - Starting
2025-12-07 00:04:14 - medallionlayer.gold_layer - INFO - ======================================================================
2025-12-07 00:04:14 - medallionlayer.gold_layer - INFO - 
Processing aggregation: match_summary
2025-12-07 00:04:14 - medallionlayer.gold_layer - INFO - Read 1 rows from silver.match_metadata
2025-12-07 00:04:14 - medallionlayer.gold_layer - INFO -   Selected 1 distinct rows (no aggregation)
2025-12-07 00:04:14 - medallionlayer.gold_layer - INFO -   Selected 7 columns for Gold: ['matchid', 'venue', 'series', 'season', 'player_of_the_match', 'first_innings', 'second_innings']
2025-12-07 00:04:14 - medallionlayer.gold_layer - INFO - Final DataFrame columns: ['matchid', 'venue', 'series', 'season', 'player_of_the_match', 'first_innings', 'second_innings', 'created_at', 'updated_at']
2025-12-07 00:04:14 - medallionlayer.gold_layer - INFO - Successfully wrote 1 rows to gold.match_summary
2025-12-07 00:04:14 - medallionlayer.gold_layer - INFO - Successfully created 1 rows for match_summary
2025-12-07 00:04:14 - medallionlayer.gold_layer - INFO - 
Processing aggregation: series_summary
2025-12-07 00:04:14 - medallionlayer.gold_layer - INFO - Read 1 rows from silver.match_metadata
2025-12-07 00:04:14 - medallionlayer.gold_layer - INFO -   Aggregated to 1 rows
2025-12-07 00:04:14 - medallionlayer.gold_layer - INFO -   Selected 3 columns for Gold: ['series', 'season', 'total_matches']
2025-12-07 00:04:14 - medallionlayer.gold_layer - INFO - Final DataFrame columns: ['series', 'season', 'total_matches', 'created_at', 'updated_at']
2025-12-07 00:04:15 - medallionlayer.gold_layer - INFO - Successfully wrote 1 rows to gold.series_summary
2025-12-07 00:04:15 - medallionlayer.gold_layer - INFO - Successfully created 1 rows for series_summary
2025-12-07 00:04:15 - medallionlayer.gold_layer - INFO - 
Processing aggregation: venue_statistics
2025-12-07 00:04:15 - medallionlayer.gold_layer - INFO - Read 1 rows from silver.match_metadata
2025-12-07 00:04:15 - medallionlayer.gold_layer - INFO -   Aggregated to 1 rows
2025-12-07 00:04:15 - medallionlayer.gold_layer - INFO -   Selected 3 columns for Gold: ['venue', 'season', 'total_matches']
2025-12-07 00:04:15 - medallionlayer.gold_layer - INFO - Final DataFrame columns: ['venue', 'season', 'total_matches', 'created_at', 'updated_at']
2025-12-07 00:04:15 - medallionlayer.gold_layer - INFO - Successfully wrote 1 rows to gold.venue_statistics
2025-12-07 00:04:15 - medallionlayer.gold_layer - INFO - Successfully created 1 rows for venue_statistics
2025-12-07 00:04:15 - medallionlayer.gold_layer - INFO - 
Processing aggregation: match_ball_statistics
2025-12-07 00:04:15 - medallionlayer.gold_layer - INFO - Read 218 rows from silver.match_events
2025-12-07 00:04:15 - medallionlayer.gold_layer - INFO -   Aggregated to 2 rows
2025-12-07 00:04:15 - medallionlayer.gold_layer - INFO - Final DataFrame columns: ['matchid', 'innings', 'total_balls', 'total_runs', 'created_at', 'updated_at']
2025-12-07 00:04:15 - medallionlayer.gold_layer - INFO - Successfully wrote 2 rows to gold.match_ball_statistics
2025-12-07 00:04:15 - medallionlayer.gold_layer - INFO - Successfully created 2 rows for match_ball_statistics
2025-12-07 00:04:15 - medallionlayer.gold_layer - INFO - 
Processing aggregation: batsman_statistics
2025-12-07 00:04:15 - medallionlayer.gold_layer - INFO - Read 218 rows from silver.match_events
2025-12-07 00:04:15 - medallionlayer.gold_layer - INFO -   Excluded 4 extras from aggregation
2025-12-07 00:04:15 - medallionlayer.gold_layer - INFO -   Filtered extras: 218 -> 214 rows (4 extras removed)
2025-12-07 00:04:15 - medallionlayer.gold_layer - INFO -   Aggregated to 15 rows
2025-12-07 00:04:15 - medallionlayer.gold_layer - INFO -   Selected 5 columns for Gold: ['matchid', 'batsman', 'innings', 'total_runs', 'balls_faced']
2025-12-07 00:04:15 - medallionlayer.gold_layer - INFO - Final DataFrame columns: ['matchid', 'batsman', 'innings', 'total_runs', 'balls_faced', 'created_at', 'updated_at']
2025-12-07 00:04:15 - medallionlayer.gold_layer - INFO - Successfully wrote 15 rows to gold.batsman_statistics
2025-12-07 00:04:15 - medallionlayer.gold_layer - INFO - Successfully created 15 rows for batsman_statistics
2025-12-07 00:04:15 - medallionlayer.gold_layer - INFO - 
Processing aggregation: bowler_statistics
2025-12-07 00:04:15 - medallionlayer.gold_layer - INFO - Read 218 rows from silver.match_events
2025-12-07 00:04:15 - medallionlayer.gold_layer - INFO -   Aggregated to 11 rows
2025-12-07 00:04:15 - medallionlayer.gold_layer - INFO - Final DataFrame columns: ['matchid', 'bowler', 'innings', 'balls_bowled', 'runs_conceded', 'created_at', 'updated_at']
2025-12-07 00:04:15 - medallionlayer.gold_layer - INFO - Successfully wrote 11 rows to gold.bowler_statistics
2025-12-07 00:04:15 - medallionlayer.gold_layer - INFO - Successfully created 11 rows for bowler_statistics
2025-12-07 00:04:15 - medallionlayer.gold_layer - INFO - 
======================================================================
2025-12-07 00:04:15 - medallionlayer.gold_layer - INFO - GOLD LAYER - Complete
2025-12-07 00:04:15 - medallionlayer.gold_layer - INFO - Aggregations Processed: 6
2025-12-07 00:04:15 - medallionlayer.gold_layer - INFO - Total Rows: 31
2025-12-07 00:04:15 - medallionlayer.gold_layer - INFO - ======================================================================
2025-12-07 00:04:15 - pipeline.orchestrator - INFO - 
================================================================================
2025-12-07 00:04:15 - pipeline.orchestrator - INFO - PIPELINE EXECUTION SUMMARY
2025-12-07 00:04:15 - pipeline.orchestrator - INFO - ================================================================================
2025-12-07 00:04:15 - pipeline.orchestrator - INFO - Status: SUCCESS
2025-12-07 00:04:15 - pipeline.orchestrator - INFO - Duration: 3.33 seconds
2025-12-07 00:04:15 - pipeline.orchestrator - INFO - 
BRONZE Layer:
2025-12-07 00:04:15 - pipeline.orchestrator - INFO -   Status: success
2025-12-07 00:04:15 - pipeline.orchestrator - INFO -   Tables Processed: 3
2025-12-07 00:04:15 - pipeline.orchestrator - INFO -   Total Rows: 256
2025-12-07 00:04:15 - pipeline.orchestrator - INFO - 
SILVER Layer:
2025-12-07 00:04:15 - pipeline.orchestrator - INFO -   Status: success
2025-12-07 00:04:15 - pipeline.orchestrator - INFO -   Tables Processed: 3
2025-12-07 00:04:15 - pipeline.orchestrator - INFO -   Total Rows: 256
2025-12-07 00:04:15 - pipeline.orchestrator - INFO - 
GOLD Layer:
2025-12-07 00:04:15 - pipeline.orchestrator - INFO -   Status: success
2025-12-07 00:04:15 - pipeline.orchestrator - INFO -   Aggregations: 6
2025-12-07 00:04:15 - pipeline.orchestrator - INFO -   Total Rows: 31
2025-12-07 00:04:15 - pipeline.orchestrator - INFO - ================================================================================

2025-12-07 00:04:15 - __main__ - INFO - Pipeline completed - Status: success, Duration: 3.33s
2025-12-07 00:04:15 - __main__ - INFO - Pipeline completed successfully
2025-12-07 00:06:02 - __main__ - INFO - Cricket Data Pipeline Started
2025-12-07 00:06:02 - __main__ - INFO - STEP 1: Initializing database and schemas
2025-12-07 00:06:03 - configs.db_config - INFO - Initializing Medallion Architecture schemas...
2025-12-07 00:06:03 - configs.db_config - INFO - Medallion schemas (Bronze, Silver, Gold) initialized
2025-12-07 00:06:03 - __main__ - INFO - Database initialization complete
2025-12-07 00:06:03 - __main__ - INFO - STEP 2: Loading configuration
2025-12-07 00:06:03 - __main__ - INFO - Configuration loaded successfully
2025-12-07 00:06:03 - __main__ - INFO - STEP 3: Scraping data from Cricinfo
2025-12-07 00:06:03 - __main__ - INFO - Initializing match tracker
2025-12-07 00:06:03 - __main__ - INFO - Current Status: 0 matches already downloaded
2025-12-07 00:06:03 - __main__ - INFO - Fetching match schedule from Cricinfo
2025-12-07 00:06:03 - scraping.schedule_scraper - INFO - Initializing WebDriver for schedule scraping
2025-12-07 00:06:06 - scraping.schedule_scraper - INFO - Loading schedule page - attempt 1
2025-12-07 00:06:16 - scraping.schedule_scraper - INFO - Schedule page loaded successfully
2025-12-07 00:06:16 - scraping.schedule_scraper - INFO - Parsing schedule page with BeautifulSoup
2025-12-07 00:06:20 - scraping.schedule_scraper - INFO - Extracting match links from schedule
2025-12-07 00:06:20 - scraping.schedule_scraper - INFO - Successfully extracted 110 match links
2025-12-07 00:06:20 - scraping.schedule_scraper - INFO - Closing WebDriver
2025-12-07 00:06:23 - __main__ - INFO - Found 110 total links
2025-12-07 00:06:23 - __main__ - INFO - Found 1 match scorecards
2025-12-07 00:06:23 - __main__ - INFO - Starting match scraping process
2025-12-07 00:06:23 - __main__ - INFO - Processing match 1/1: https://www.espncricinfo.com/series/ipl-2025-1449924/kolkata-knight-riders-vs-royal-challengers-bengaluru-1st-match-1473438/full-scorecard
2025-12-07 00:06:23 - __main__ - INFO - Downloading match 1473438
2025-12-07 00:06:23 - scraping.player_extractor - INFO - PlayerExtractor initialized - Target: raw.match_players
2025-12-07 00:06:23 - scraping.match_scraper - INFO - Initializing WebDriver
2025-12-07 00:06:27 - scraping.match_scraper - INFO - Loading full scorecard - attempt 1
2025-12-07 00:06:38 - scraping.match_scraper - INFO - full scorecard loaded successfully
2025-12-07 00:06:38 - scraping.match_scraper - INFO - Scrolling full scorecard page
2025-12-07 00:06:38 - core.page_navigator - INFO - Scrolling page 5 times
2025-12-07 00:06:59 - core.page_navigator - INFO - Page scrolling completed
2025-12-07 00:07:02 - scraping.match_scraper - INFO - Extracting metadata
2025-12-07 00:07:02 - core.metadata_extractor - INFO - Found 14 metadata rows for match 1473438
2025-12-07 00:07:02 - core.metadata_extractor - INFO - Extracted 15 metadata fields for match 1473438
2025-12-07 00:07:02 - scraping.match_scraper - INFO - Extracting player rosters...
2025-12-07 00:07:02 - scraping.player_extractor - INFO - Extracting players for match 1473438
2025-12-07 00:07:02 - core.metadata_extractor - INFO - Extracting player names for match 1473438
2025-12-07 00:07:02 - core.metadata_extractor - INFO - Found 2 scorecard table(s)
2025-12-07 00:07:02 - core.metadata_extractor - INFO -   innings_1 (Kolkata Knight Riders): 10 batted, 1 did not bat
2025-12-07 00:07:02 - core.metadata_extractor - INFO -   innings_2 (Royal Challengers Bengaluru): 5 batted, 6 did not bat
2025-12-07 00:07:03 - core.metadata_extractor - INFO -   Found 12 impact players/substitutes
2025-12-07 00:07:03 - core.metadata_extractor - INFO - Created DataFrame with 34 player records from 2 innings
2025-12-07 00:07:03 - scraping.player_extractor - INFO - Stored 34 players for match 1473438
2025-12-07 00:07:03 - scraping.player_extractor - INFO -   Teams: Kolkata Knight Riders, Royal Challengers Bengaluru
2025-12-07 00:07:03 - scraping.player_extractor - INFO -   Batted: 15, Did not bat: 19
2025-12-07 00:07:03 - scraping.match_scraper - INFO - Stored 34 players
2025-12-07 00:07:03 - scraping.match_scraper - INFO -   - Kolkata Knight Riders
2025-12-07 00:07:03 - scraping.match_scraper - INFO -   - Royal Challengers Bengaluru
2025-12-07 00:07:03 - scraping.match_scraper - INFO - Loading commentary page - attempt 1
2025-12-07 00:07:12 - scraping.match_scraper - INFO - commentary page loaded successfully
2025-12-07 00:07:12 - scraping.match_scraper - INFO - Scrolling commentary page
2025-12-07 00:07:12 - core.page_navigator - INFO - Scrolling page 25 times
2025-12-07 00:08:05 - core.page_navigator - INFO - Page scrolling completed
2025-12-07 00:08:08 - scraping.match_scraper - INFO - Extracting first innings data
2025-12-07 00:08:08 - scraping.match_scraper - INFO - Default batting team: RCB
2025-12-07 00:08:09 - core.commentary_parser - INFO - Found 99 commentary blocks
2025-12-07 00:08:09 - core.commentary_parser - INFO - Parsed 99 commentary entries
2025-12-07 00:08:09 - core.commentary_parser - INFO - Created DataFrame with 99 rows
2025-12-07 00:08:09 - scraping.match_scraper - INFO - First innings: 99 events
2025-12-07 00:08:09 - core.page_navigator - INFO - Scrolling to top of page
2025-12-07 00:08:15 - scraping.match_scraper - INFO - Switching to second innings
2025-12-07 00:08:15 - core.page_navigator - INFO - Switching innings from: RCB
2025-12-07 00:08:50 - core.page_navigator - INFO - Switching to innings: KKR
2025-12-07 00:08:53 - core.page_navigator - INFO - Successfully switched to KKR
2025-12-07 00:08:53 - scraping.match_scraper - INFO - Switched batting team: KKR
2025-12-07 00:08:53 - scraping.match_scraper - INFO - Saving metadata to database
2025-12-07 00:08:58 - core.page_navigator - INFO - Scrolling page 25 times
2025-12-07 00:09:48 - core.page_navigator - INFO - Page scrolling completed
2025-12-07 00:09:52 - core.commentary_parser - INFO - Found 124 commentary blocks
2025-12-07 00:09:52 - core.commentary_parser - INFO - Parsed 124 commentary entries
2025-12-07 00:09:52 - core.commentary_parser - INFO - Created DataFrame with 124 rows
2025-12-07 00:09:52 - scraping.match_scraper - INFO - Second innings: 124 events
2025-12-07 00:09:52 - scraping.match_scraper - INFO - Saving commentary to database
2025-12-07 00:09:52 - scraping.match_scraper - INFO - Commentary saved: 223 total events
2025-12-07 00:09:52 - scraping.match_scraper - INFO - Successfully completed scraping match 1473438
2025-12-07 00:09:52 - scraping.match_scraper - INFO - Closing WebDriver
2025-12-07 00:09:54 - __main__ - INFO - Successfully downloaded match 1473438
2025-12-07 00:09:54 - __main__ - INFO - Scraping complete - Found: 1, Downloaded: 1, Skipped: 0, Failed: 0
2025-12-07 00:09:54 - __main__ - INFO - STEP 4: Processing through Medallion Architecture
2025-12-07 00:09:54 - __main__ - INFO - Starting Medallion Architecture pipeline
2025-12-07 00:09:54 - pipeline.orchestrator - INFO - Pipeline Orchestrator initialized
2025-12-07 00:09:54 - pipeline.orchestrator - INFO - 
================================================================================
2025-12-07 00:09:54 - pipeline.orchestrator - INFO - MEDALLION ARCHITECTURE PIPELINE - STARTING
2025-12-07 00:09:54 - pipeline.orchestrator - INFO - ================================================================================
2025-12-07 00:09:54 - pipeline.orchestrator - INFO - Start Time: 2025-12-07 00:09:54.860271
2025-12-07 00:09:54 - pipeline.orchestrator - INFO - Layers to execute: bronze, silver, gold
2025-12-07 00:09:54 - pipeline.orchestrator - INFO - ================================================================================
2025-12-07 00:09:54 - medallionlayer.bronze_layer - INFO - Bronze Layer initialized - Run ID: e1953a51-7337-4421-8611-0dece31408f0
2025-12-07 00:09:54 - medallionlayer.bronze_layer - INFO - ======================================================================
2025-12-07 00:09:54 - medallionlayer.bronze_layer - INFO - BRONZE LAYER - Starting
2025-12-07 00:09:54 - medallionlayer.bronze_layer - INFO - ======================================================================
2025-12-07 00:09:54 - medallionlayer.bronze_layer - INFO - 
Processing table: match_metadata
2025-12-07 00:09:55 - medallionlayer.bronze_layer - INFO - Read 1 rows from raw.match_metadata
2025-12-07 00:09:55 - medallionlayer.bronze_layer - INFO -   No duplicates found based on ['matchid']
2025-12-07 00:09:55 - medallionlayer.bronze_layer - INFO - After quality checks: 1 rows (removed 0)
2025-12-07 00:09:55 - medallionlayer.bronze_layer - INFO - match_metadata: 1 rows ingested
2025-12-07 00:09:55 - medallionlayer.bronze_layer - INFO - 
Processing table: match_events
2025-12-07 00:09:55 - medallionlayer.bronze_layer - INFO - Read 223 rows from raw.match_events
2025-12-07 00:09:55 - medallionlayer.bronze_layer - INFO -   No duplicates found based on ['matchid', 'ball', 'innings', 'commentary']
2025-12-07 00:09:55 - medallionlayer.bronze_layer - INFO - After quality checks: 223 rows (removed 0)
2025-12-07 00:09:55 - medallionlayer.bronze_layer - INFO - match_events: 223 rows ingested
2025-12-07 00:09:55 - medallionlayer.bronze_layer - INFO - 
Processing table: match_players
2025-12-07 00:09:55 - medallionlayer.bronze_layer - INFO - Read 34 rows from raw.match_players
2025-12-07 00:09:55 - medallionlayer.bronze_layer - WARNING -   Found 2 duplicate rows based on ['matchid', 'innings', 'player_name']
2025-12-07 00:09:55 - medallionlayer.bronze_layer - INFO - After quality checks: 32 rows (removed 2)
2025-12-07 00:09:55 - medallionlayer.bronze_layer - INFO - match_players: 32 rows ingested
2025-12-07 00:09:55 - medallionlayer.bronze_layer - INFO - 
Validating innings data...
2025-12-07 00:09:55 - medallionlayer.bronze_layer - INFO - All matches have complete innings data
2025-12-07 00:09:55 - medallionlayer.bronze_layer - INFO - 
======================================================================
2025-12-07 00:09:55 - medallionlayer.bronze_layer - INFO - DATA QUALITY REPORT
2025-12-07 00:09:55 - medallionlayer.bronze_layer - INFO - ======================================================================
2025-12-07 00:09:55 - medallionlayer.bronze_layer - INFO - 
DUPLICATES REMOVED:
2025-12-07 00:09:55 - medallionlayer.bronze_layer - INFO -   match_metadata: No duplicates found
2025-12-07 00:09:55 - medallionlayer.bronze_layer - INFO -   match_events: No duplicates found
2025-12-07 00:09:55 - medallionlayer.bronze_layer - INFO -   match_players: 2 duplicate rows removed
2025-12-07 00:09:55 - medallionlayer.bronze_layer - INFO - 
NULL VALUES FOUND:
2025-12-07 00:09:55 - medallionlayer.bronze_layer - INFO -   match_metadata: No null values in required columns
2025-12-07 00:09:55 - medallionlayer.bronze_layer - INFO -   match_events: No null values in required columns
2025-12-07 00:09:55 - medallionlayer.bronze_layer - INFO -   match_players: No null values in required columns
2025-12-07 00:09:55 - medallionlayer.bronze_layer - INFO - 
INNINGS VALIDATION:
2025-12-07 00:09:55 - medallionlayer.bronze_layer - INFO - All matches have complete innings data
2025-12-07 00:09:55 - medallionlayer.bronze_layer - INFO - ======================================================================

2025-12-07 00:09:55 - medallionlayer.bronze_layer - INFO - 
======================================================================
2025-12-07 00:09:55 - medallionlayer.bronze_layer - INFO - BRONZE LAYER - Complete
2025-12-07 00:09:55 - medallionlayer.bronze_layer - INFO - Tables Processed: 3/3
2025-12-07 00:09:55 - medallionlayer.bronze_layer - INFO - Total Rows: 256
2025-12-07 00:09:55 - medallionlayer.bronze_layer - INFO - ======================================================================
2025-12-07 00:09:55 - medallionlayer.silver_layer - INFO - Silver Layer initialized
2025-12-07 00:09:55 - medallionlayer.silver_layer - INFO - ======================================================================
2025-12-07 00:09:55 - medallionlayer.silver_layer - INFO - SILVER LAYER - Starting
2025-12-07 00:09:55 - medallionlayer.silver_layer - INFO - ======================================================================
2025-12-07 00:09:55 - medallionlayer.silver_layer - INFO - 
Processing table: match_metadata
2025-12-07 00:09:55 - medallionlayer.silver_layer - INFO - Read 1 rows from bronze.match_metadata
2025-12-07 00:09:55 - medallionlayer.silver_layer - INFO -   Cleaned columns: ['venue', 'series', 'toss', 'player_of_the_match']
2025-12-07 00:09:55 - medallionlayer.silver_layer - INFO - After transformations: 1 rows (removed 0)
2025-12-07 00:09:55 - medallionlayer.silver_layer - INFO -   Removed Bronze audit columns: ['ingestion_timestamp', 'source_system', 'pipeline_run_id', 'is_active']
2025-12-07 00:09:56 - medallionlayer.silver_layer - INFO - match_metadata: 1 rows processed
2025-12-07 00:09:56 - medallionlayer.silver_layer - INFO - 
Processing table: match_events
2025-12-07 00:09:56 - medallionlayer.silver_layer - INFO - Read 223 rows from bronze.match_events
2025-12-07 00:09:56 - medallionlayer.silver_layer - INFO -   Cleaned columns: ['bowler', 'batsman', 'commentary', 'innings']
2025-12-07 00:09:56 - medallionlayer.silver_layer - INFO -   Converting 'score' column to numeric...
2025-12-07 00:09:56 - medallionlayer.silver_layer - INFO -   Score conversion: 212 converted, 11 not converted (set to 0)
2025-12-07 00:09:56 - medallionlayer.silver_layer - INFO -   Extracting dismissal information...
2025-12-07 00:09:56 - medallionlayer.silver_layer - INFO -   Extracted dismissal info for 7 wickets
2025-12-07 00:09:56 - medallionlayer.silver_layer - INFO -   Enriching player names for columns: ['batsman', 'bowler', 'fielder_name']
2025-12-07 00:09:56 - medallionlayer.silver_layer - INFO -   Loaded 32 player records for enrichment
2025-12-07 00:09:56 - medallionlayer.silver_layer - INFO -   Enriching column: batsman
2025-12-07 00:09:56 - medallionlayer.silver_layer - INFO -   Enriching column: bowler
2025-12-07 00:09:56 - medallionlayer.silver_layer - INFO -   Enriching column: fielder_name
2025-12-07 00:09:56 - medallionlayer.silver_layer - INFO -   Enrichment results:
2025-12-07 00:09:56 - medallionlayer.silver_layer - INFO -     batsman: 213 enriched, 10 not found, 0 null
2025-12-07 00:09:56 - medallionlayer.silver_layer - INFO -     bowler: 223 enriched, 0 not found, 0 null
2025-12-07 00:09:56 - medallionlayer.silver_layer - INFO -     fielder_name: 5 enriched, 1 not found, 217 null
2025-12-07 00:09:56 - medallionlayer.silver_layer - INFO - After transformations: 223 rows (removed 0)
2025-12-07 00:09:56 - medallionlayer.silver_layer - INFO -   Removed Bronze audit columns: ['ingestion_timestamp', 'source_system', 'pipeline_run_id', 'is_active']
2025-12-07 00:09:56 - medallionlayer.silver_layer - INFO - match_events: 223 rows processed
2025-12-07 00:09:56 - medallionlayer.silver_layer - INFO - 
Processing table: match_players
2025-12-07 00:09:57 - medallionlayer.silver_layer - INFO - Read 32 rows from bronze.match_players
2025-12-07 00:09:57 - medallionlayer.silver_layer - INFO -   Cleaned columns: ['player_name', 'team']
2025-12-07 00:09:57 - medallionlayer.silver_layer - INFO - After transformations: 32 rows (removed 0)
2025-12-07 00:09:57 - medallionlayer.silver_layer - INFO -   Removed Bronze audit columns: ['ingestion_timestamp', 'source_system', 'pipeline_run_id', 'is_active']
2025-12-07 00:09:57 - medallionlayer.silver_layer - INFO - match_players: 32 rows processed
2025-12-07 00:09:57 - medallionlayer.silver_layer - INFO - 
======================================================================
2025-12-07 00:09:57 - medallionlayer.silver_layer - INFO - SILVER LAYER - Complete
2025-12-07 00:09:57 - medallionlayer.silver_layer - INFO - Tables Processed: 3
2025-12-07 00:09:57 - medallionlayer.silver_layer - INFO - Total Rows: 256
2025-12-07 00:09:57 - medallionlayer.silver_layer - INFO - ======================================================================
2025-12-07 00:09:57 - medallionlayer.gold_layer - INFO - Gold Layer initialized
2025-12-07 00:09:57 - medallionlayer.gold_layer - INFO - ======================================================================
2025-12-07 00:09:57 - medallionlayer.gold_layer - INFO - GOLD LAYER - Starting
2025-12-07 00:09:57 - medallionlayer.gold_layer - INFO - ======================================================================
2025-12-07 00:09:57 - medallionlayer.gold_layer - INFO - 
Processing aggregation: match_summary
2025-12-07 00:09:57 - medallionlayer.gold_layer - INFO - Read 1 rows from silver.match_metadata
2025-12-07 00:09:57 - medallionlayer.gold_layer - INFO -   Selected 1 distinct rows (no aggregation)
2025-12-07 00:09:57 - medallionlayer.gold_layer - INFO -   Selected 7 columns for Gold: ['matchid', 'venue', 'series', 'season', 'player_of_the_match', 'first_innings', 'second_innings']
2025-12-07 00:09:57 - medallionlayer.gold_layer - INFO - Final DataFrame columns: ['matchid', 'venue', 'series', 'season', 'player_of_the_match', 'first_innings', 'second_innings', 'created_at', 'updated_at']
2025-12-07 00:09:57 - medallionlayer.gold_layer - INFO - Successfully wrote 1 rows to gold.match_summary
2025-12-07 00:09:57 - medallionlayer.gold_layer - INFO - Successfully created 1 rows for match_summary
2025-12-07 00:09:57 - medallionlayer.gold_layer - INFO - 
Processing aggregation: series_summary
2025-12-07 00:09:57 - medallionlayer.gold_layer - INFO - Read 1 rows from silver.match_metadata
2025-12-07 00:09:57 - medallionlayer.gold_layer - INFO -   Aggregated to 1 rows
2025-12-07 00:09:57 - medallionlayer.gold_layer - INFO -   Selected 3 columns for Gold: ['series', 'season', 'total_matches']
2025-12-07 00:09:57 - medallionlayer.gold_layer - INFO - Final DataFrame columns: ['series', 'season', 'total_matches', 'created_at', 'updated_at']
2025-12-07 00:09:57 - medallionlayer.gold_layer - INFO - Successfully wrote 1 rows to gold.series_summary
2025-12-07 00:09:57 - medallionlayer.gold_layer - INFO - Successfully created 1 rows for series_summary
2025-12-07 00:09:57 - medallionlayer.gold_layer - INFO - 
Processing aggregation: venue_statistics
2025-12-07 00:09:57 - medallionlayer.gold_layer - INFO - Read 1 rows from silver.match_metadata
2025-12-07 00:09:57 - medallionlayer.gold_layer - INFO -   Aggregated to 1 rows
2025-12-07 00:09:57 - medallionlayer.gold_layer - INFO -   Selected 3 columns for Gold: ['venue', 'season', 'total_matches']
2025-12-07 00:09:57 - medallionlayer.gold_layer - INFO - Final DataFrame columns: ['venue', 'season', 'total_matches', 'created_at', 'updated_at']
2025-12-07 00:09:57 - medallionlayer.gold_layer - INFO - Successfully wrote 1 rows to gold.venue_statistics
2025-12-07 00:09:57 - medallionlayer.gold_layer - INFO - Successfully created 1 rows for venue_statistics
2025-12-07 00:09:57 - medallionlayer.gold_layer - INFO - 
Processing aggregation: match_ball_statistics
2025-12-07 00:09:58 - medallionlayer.gold_layer - INFO - Read 218 rows from silver.match_events
2025-12-07 00:09:58 - medallionlayer.gold_layer - INFO -   Aggregated to 2 rows
2025-12-07 00:09:58 - medallionlayer.gold_layer - INFO - Final DataFrame columns: ['matchid', 'innings', 'total_balls', 'total_runs', 'created_at', 'updated_at']
2025-12-07 00:09:58 - medallionlayer.gold_layer - INFO - Successfully wrote 2 rows to gold.match_ball_statistics
2025-12-07 00:09:58 - medallionlayer.gold_layer - INFO - Successfully created 2 rows for match_ball_statistics
2025-12-07 00:09:58 - medallionlayer.gold_layer - INFO - 
Processing aggregation: batsman_statistics
2025-12-07 00:09:58 - medallionlayer.gold_layer - INFO - Read 218 rows from silver.match_events
2025-12-07 00:09:58 - medallionlayer.gold_layer - INFO -   Excluded 4 extras from aggregation
2025-12-07 00:09:58 - medallionlayer.gold_layer - INFO -   Filtered extras: 218 -> 214 rows (4 extras removed)
2025-12-07 00:09:58 - medallionlayer.gold_layer - INFO -   Aggregated to 15 rows
2025-12-07 00:09:58 - medallionlayer.gold_layer - INFO -   Selected 5 columns for Gold: ['matchid', 'batsman', 'innings', 'total_runs', 'balls_faced']
2025-12-07 00:09:58 - medallionlayer.gold_layer - INFO - Final DataFrame columns: ['matchid', 'batsman', 'innings', 'total_runs', 'balls_faced', 'created_at', 'updated_at']
2025-12-07 00:09:58 - medallionlayer.gold_layer - INFO - Successfully wrote 15 rows to gold.batsman_statistics
2025-12-07 00:09:58 - medallionlayer.gold_layer - INFO - Successfully created 15 rows for batsman_statistics
2025-12-07 00:09:58 - medallionlayer.gold_layer - INFO - 
Processing aggregation: bowler_statistics
2025-12-07 00:09:58 - medallionlayer.gold_layer - INFO - Read 218 rows from silver.match_events
2025-12-07 00:09:58 - medallionlayer.gold_layer - INFO -   Aggregated to 11 rows
2025-12-07 00:09:58 - medallionlayer.gold_layer - INFO - Final DataFrame columns: ['matchid', 'bowler', 'innings', 'balls_bowled', 'runs_conceded', 'created_at', 'updated_at']
2025-12-07 00:09:58 - medallionlayer.gold_layer - INFO - Successfully wrote 11 rows to gold.bowler_statistics
2025-12-07 00:09:58 - medallionlayer.gold_layer - INFO - Successfully created 11 rows for bowler_statistics
2025-12-07 00:09:58 - medallionlayer.gold_layer - INFO - 
======================================================================
2025-12-07 00:09:58 - medallionlayer.gold_layer - INFO - GOLD LAYER - Complete
2025-12-07 00:09:58 - medallionlayer.gold_layer - INFO - Aggregations Processed: 6
2025-12-07 00:09:58 - medallionlayer.gold_layer - INFO - Total Rows: 31
2025-12-07 00:09:58 - medallionlayer.gold_layer - INFO - ======================================================================
2025-12-07 00:09:58 - pipeline.orchestrator - INFO - 
================================================================================
2025-12-07 00:09:58 - pipeline.orchestrator - INFO - PIPELINE EXECUTION SUMMARY
2025-12-07 00:09:58 - pipeline.orchestrator - INFO - ================================================================================
2025-12-07 00:09:58 - pipeline.orchestrator - INFO - Status: SUCCESS
2025-12-07 00:09:58 - pipeline.orchestrator - INFO - Duration: 3.67 seconds
2025-12-07 00:09:58 - pipeline.orchestrator - INFO - 
BRONZE Layer:
2025-12-07 00:09:58 - pipeline.orchestrator - INFO -   Status: success
2025-12-07 00:09:58 - pipeline.orchestrator - INFO -   Tables Processed: 3
2025-12-07 00:09:58 - pipeline.orchestrator - INFO -   Total Rows: 256
2025-12-07 00:09:58 - pipeline.orchestrator - INFO - 
SILVER Layer:
2025-12-07 00:09:58 - pipeline.orchestrator - INFO -   Status: success
2025-12-07 00:09:58 - pipeline.orchestrator - INFO -   Tables Processed: 3
2025-12-07 00:09:58 - pipeline.orchestrator - INFO -   Total Rows: 256
2025-12-07 00:09:58 - pipeline.orchestrator - INFO - 
GOLD Layer:
2025-12-07 00:09:58 - pipeline.orchestrator - INFO -   Status: success
2025-12-07 00:09:58 - pipeline.orchestrator - INFO -   Aggregations: 6
2025-12-07 00:09:58 - pipeline.orchestrator - INFO -   Total Rows: 31
2025-12-07 00:09:58 - pipeline.orchestrator - INFO - ================================================================================

2025-12-07 00:09:58 - __main__ - INFO - Pipeline completed - Status: success, Duration: 3.67s
2025-12-07 00:09:58 - __main__ - INFO - Pipeline completed successfully
2025-12-07 00:10:41 - __main__ - INFO - Cricket Data Pipeline Started
2025-12-07 00:10:41 - __main__ - INFO - STEP 1: Initializing database and schemas
2025-12-07 00:10:42 - configs.db_config - INFO - Initializing Medallion Architecture schemas...
2025-12-07 00:10:42 - configs.db_config - INFO - Medallion schemas (Bronze, Silver, Gold) initialized
2025-12-07 00:10:42 - __main__ - INFO - Database initialization complete
2025-12-07 00:10:42 - __main__ - INFO - STEP 2: Loading configuration
2025-12-07 00:10:43 - __main__ - INFO - Configuration loaded successfully
2025-12-07 00:10:43 - __main__ - INFO - STEP 3: Scraping data from Cricinfo
2025-12-07 00:10:43 - __main__ - INFO - Initializing match tracker
2025-12-07 00:10:43 - __main__ - INFO - Current Status: 0 matches already downloaded
2025-12-07 00:10:43 - __main__ - INFO - Fetching match schedule from Cricinfo
2025-12-07 00:10:43 - scraping.schedule_scraper - INFO - Initializing WebDriver for schedule scraping
2025-12-07 00:10:46 - scraping.schedule_scraper - INFO - Loading schedule page - attempt 1
2025-12-07 00:10:56 - scraping.schedule_scraper - INFO - Schedule page loaded successfully
2025-12-07 00:10:56 - scraping.schedule_scraper - INFO - Parsing schedule page with BeautifulSoup
2025-12-07 00:11:09 - scraping.schedule_scraper - INFO - Extracting match links from schedule
2025-12-07 00:11:09 - scraping.schedule_scraper - INFO - Successfully extracted 110 match links
2025-12-07 00:11:09 - scraping.schedule_scraper - INFO - Closing WebDriver
2025-12-07 00:11:12 - __main__ - INFO - Found 110 total links
2025-12-07 00:11:12 - __main__ - INFO - Found 1 match scorecards
2025-12-07 00:11:12 - __main__ - INFO - Starting match scraping process
2025-12-07 00:11:12 - __main__ - INFO - Processing match 1/1: https://www.espncricinfo.com/series/ipl-2025-1449924/kolkata-knight-riders-vs-royal-challengers-bengaluru-1st-match-1473438/full-scorecard
2025-12-07 00:11:12 - __main__ - INFO - Downloading match 1473438
2025-12-07 00:11:12 - scraping.player_extractor - INFO - PlayerExtractor initialized - Target: raw.match_players
2025-12-07 00:11:12 - scraping.match_scraper - INFO - Initializing WebDriver
2025-12-07 00:11:15 - scraping.match_scraper - INFO - Loading full scorecard - attempt 1
2025-12-07 00:11:27 - scraping.match_scraper - INFO - full scorecard loaded successfully
2025-12-07 00:11:27 - scraping.match_scraper - INFO - Scrolling full scorecard page
2025-12-07 00:11:27 - core.page_navigator - INFO - Scrolling page 5 times
2025-12-07 00:11:44 - core.page_navigator - INFO - Page scrolling completed
2025-12-07 00:11:47 - scraping.match_scraper - INFO - Extracting metadata
2025-12-07 00:11:47 - core.metadata_extractor - INFO - Found 14 metadata rows for match 1473438
2025-12-07 00:11:47 - core.metadata_extractor - INFO - Extracted 15 metadata fields for match 1473438
2025-12-07 00:11:47 - scraping.match_scraper - INFO - Extracting player rosters...
2025-12-07 00:11:47 - scraping.player_extractor - INFO - Extracting players for match 1473438
2025-12-07 00:11:47 - core.metadata_extractor - INFO - Extracting player names for match 1473438
2025-12-07 00:11:47 - core.metadata_extractor - INFO - Found 2 scorecard table(s)
2025-12-07 00:11:47 - core.metadata_extractor - INFO -   innings_1 (Kolkata Knight Riders): 10 batted, 1 did not bat
2025-12-07 00:11:48 - core.metadata_extractor - INFO -   innings_2 (Royal Challengers Bengaluru): 5 batted, 6 did not bat
2025-12-07 00:11:48 - core.metadata_extractor - INFO -   Found 10 impact players/substitutes
2025-12-07 00:11:48 - core.metadata_extractor - INFO - Created DataFrame with 32 player records from 2 innings
2025-12-07 00:11:48 - scraping.player_extractor - INFO - Stored 32 players for match 1473438
2025-12-07 00:11:48 - scraping.player_extractor - INFO -   Teams: Kolkata Knight Riders, Royal Challengers Bengaluru
2025-12-07 00:11:48 - scraping.player_extractor - INFO -   Batted: 15, Did not bat: 17
2025-12-07 00:11:48 - scraping.match_scraper - INFO - Stored 32 players
2025-12-07 00:11:48 - scraping.match_scraper - INFO -   - Kolkata Knight Riders
2025-12-07 00:11:48 - scraping.match_scraper - INFO -   - Royal Challengers Bengaluru
2025-12-07 00:11:48 - scraping.match_scraper - INFO - Loading commentary page - attempt 1
2025-12-07 00:11:59 - scraping.match_scraper - INFO - commentary page loaded successfully
2025-12-07 00:11:59 - scraping.match_scraper - INFO - Scrolling commentary page
2025-12-07 00:11:59 - core.page_navigator - INFO - Scrolling page 25 times
2025-12-07 00:12:49 - core.page_navigator - INFO - Page scrolling completed
2025-12-07 00:12:52 - scraping.match_scraper - INFO - Extracting first innings data
2025-12-07 00:12:52 - scraping.match_scraper - INFO - Default batting team: RCB
2025-12-07 00:12:53 - core.commentary_parser - INFO - Found 99 commentary blocks
2025-12-07 00:12:53 - core.commentary_parser - INFO - Parsed 99 commentary entries
2025-12-07 00:12:53 - core.commentary_parser - INFO - Created DataFrame with 99 rows
2025-12-07 00:12:53 - scraping.match_scraper - INFO - First innings: 99 events
2025-12-07 00:12:53 - core.page_navigator - INFO - Scrolling to top of page
2025-12-07 00:12:59 - scraping.match_scraper - INFO - Switching to second innings
2025-12-07 00:12:59 - core.page_navigator - INFO - Switching innings from: RCB
2025-12-07 00:13:34 - core.page_navigator - INFO - Switching to innings: KKR
2025-12-07 00:13:36 - core.page_navigator - INFO - Successfully switched to KKR
2025-12-07 00:13:36 - scraping.match_scraper - INFO - Switched batting team: KKR
2025-12-07 00:13:36 - scraping.match_scraper - INFO - Saving metadata to database
2025-12-07 00:13:41 - core.page_navigator - INFO - Scrolling page 25 times
2025-12-07 00:14:32 - core.page_navigator - INFO - Page scrolling completed
2025-12-07 00:14:35 - core.commentary_parser - INFO - Found 124 commentary blocks
2025-12-07 00:14:35 - core.commentary_parser - INFO - Parsed 124 commentary entries
2025-12-07 00:14:35 - core.commentary_parser - INFO - Created DataFrame with 124 rows
2025-12-07 00:14:35 - scraping.match_scraper - INFO - Second innings: 124 events
2025-12-07 00:14:35 - scraping.match_scraper - INFO - Saving commentary to database
2025-12-07 00:14:35 - scraping.match_scraper - INFO - Commentary saved: 223 total events
2025-12-07 00:14:35 - scraping.match_scraper - INFO - Successfully completed scraping match 1473438
2025-12-07 00:14:35 - scraping.match_scraper - INFO - Closing WebDriver
2025-12-07 00:14:38 - __main__ - INFO - Successfully downloaded match 1473438
2025-12-07 00:14:38 - __main__ - INFO - Scraping complete - Found: 1, Downloaded: 1, Skipped: 0, Failed: 0
2025-12-07 00:14:38 - __main__ - INFO - STEP 4: Processing through Medallion Architecture
2025-12-07 00:14:38 - __main__ - INFO - Starting Medallion Architecture pipeline
2025-12-07 00:14:38 - pipeline.orchestrator - INFO - Pipeline Orchestrator initialized
2025-12-07 00:14:38 - pipeline.orchestrator - INFO - 
================================================================================
2025-12-07 00:14:38 - pipeline.orchestrator - INFO - MEDALLION ARCHITECTURE PIPELINE - STARTING
2025-12-07 00:14:38 - pipeline.orchestrator - INFO - ================================================================================
2025-12-07 00:14:38 - pipeline.orchestrator - INFO - Start Time: 2025-12-07 00:14:38.516047
2025-12-07 00:14:38 - pipeline.orchestrator - INFO - Layers to execute: bronze, silver, gold
2025-12-07 00:14:38 - pipeline.orchestrator - INFO - ================================================================================
2025-12-07 00:14:38 - medallionlayer.bronze_layer - INFO - Bronze Layer initialized - Run ID: 2a2f1db7-f4c4-4540-9292-b33413e96924
2025-12-07 00:14:38 - medallionlayer.bronze_layer - INFO - ======================================================================
2025-12-07 00:14:38 - medallionlayer.bronze_layer - INFO - BRONZE LAYER - Starting
2025-12-07 00:14:38 - medallionlayer.bronze_layer - INFO - ======================================================================
2025-12-07 00:14:38 - medallionlayer.bronze_layer - INFO - 
Processing table: match_metadata
2025-12-07 00:14:38 - medallionlayer.bronze_layer - INFO - Read 1 rows from raw.match_metadata
2025-12-07 00:14:38 - medallionlayer.bronze_layer - INFO -   No duplicates found based on ['matchid']
2025-12-07 00:14:38 - medallionlayer.bronze_layer - INFO - After quality checks: 1 rows (removed 0)
2025-12-07 00:14:38 - medallionlayer.bronze_layer - INFO - match_metadata: 1 rows ingested
2025-12-07 00:14:38 - medallionlayer.bronze_layer - INFO - 
Processing table: match_events
2025-12-07 00:14:39 - medallionlayer.bronze_layer - INFO - Read 223 rows from raw.match_events
2025-12-07 00:14:39 - medallionlayer.bronze_layer - INFO -   No duplicates found based on ['matchid', 'ball', 'innings', 'commentary']
2025-12-07 00:14:39 - medallionlayer.bronze_layer - INFO - After quality checks: 223 rows (removed 0)
2025-12-07 00:14:39 - medallionlayer.bronze_layer - INFO - match_events: 223 rows ingested
2025-12-07 00:14:39 - medallionlayer.bronze_layer - INFO - 
Processing table: match_players
2025-12-07 00:14:39 - medallionlayer.bronze_layer - INFO - Read 32 rows from raw.match_players
2025-12-07 00:14:39 - medallionlayer.bronze_layer - INFO -   No duplicates found based on ['matchid', 'innings', 'player_name']
2025-12-07 00:14:39 - medallionlayer.bronze_layer - INFO - After quality checks: 32 rows (removed 0)
2025-12-07 00:14:39 - medallionlayer.bronze_layer - INFO - match_players: 32 rows ingested
2025-12-07 00:14:39 - medallionlayer.bronze_layer - INFO - 
Validating innings data...
2025-12-07 00:14:39 - medallionlayer.bronze_layer - INFO - All matches have complete innings data
2025-12-07 00:14:39 - medallionlayer.bronze_layer - INFO - 
======================================================================
2025-12-07 00:14:39 - medallionlayer.bronze_layer - INFO - DATA QUALITY REPORT
2025-12-07 00:14:39 - medallionlayer.bronze_layer - INFO - ======================================================================
2025-12-07 00:14:39 - medallionlayer.bronze_layer - INFO - 
DUPLICATES REMOVED:
2025-12-07 00:14:39 - medallionlayer.bronze_layer - INFO -   match_metadata: No duplicates found
2025-12-07 00:14:39 - medallionlayer.bronze_layer - INFO -   match_events: No duplicates found
2025-12-07 00:14:39 - medallionlayer.bronze_layer - INFO -   match_players: No duplicates found
2025-12-07 00:14:39 - medallionlayer.bronze_layer - INFO - 
NULL VALUES FOUND:
2025-12-07 00:14:39 - medallionlayer.bronze_layer - INFO -   match_metadata: No null values in required columns
2025-12-07 00:14:39 - medallionlayer.bronze_layer - INFO -   match_events: No null values in required columns
2025-12-07 00:14:39 - medallionlayer.bronze_layer - INFO -   match_players: No null values in required columns
2025-12-07 00:14:39 - medallionlayer.bronze_layer - INFO - 
INNINGS VALIDATION:
2025-12-07 00:14:39 - medallionlayer.bronze_layer - INFO - All matches have complete innings data
2025-12-07 00:14:39 - medallionlayer.bronze_layer - INFO - ======================================================================

2025-12-07 00:14:39 - medallionlayer.bronze_layer - INFO - 
======================================================================
2025-12-07 00:14:39 - medallionlayer.bronze_layer - INFO - BRONZE LAYER - Complete
2025-12-07 00:14:39 - medallionlayer.bronze_layer - INFO - Tables Processed: 3/3
2025-12-07 00:14:39 - medallionlayer.bronze_layer - INFO - Total Rows: 256
2025-12-07 00:14:39 - medallionlayer.bronze_layer - INFO - ======================================================================
2025-12-07 00:14:39 - medallionlayer.silver_layer - INFO - Silver Layer initialized
2025-12-07 00:14:39 - medallionlayer.silver_layer - INFO - ======================================================================
2025-12-07 00:14:39 - medallionlayer.silver_layer - INFO - SILVER LAYER - Starting
2025-12-07 00:14:39 - medallionlayer.silver_layer - INFO - ======================================================================
2025-12-07 00:14:39 - medallionlayer.silver_layer - INFO - 
Processing table: match_metadata
2025-12-07 00:14:39 - medallionlayer.silver_layer - INFO - Read 1 rows from bronze.match_metadata
2025-12-07 00:14:39 - medallionlayer.silver_layer - INFO -   Cleaned columns: ['venue', 'series', 'toss', 'player_of_the_match']
2025-12-07 00:14:39 - medallionlayer.silver_layer - INFO - After transformations: 1 rows (removed 0)
2025-12-07 00:14:39 - medallionlayer.silver_layer - INFO -   Removed Bronze audit columns: ['ingestion_timestamp', 'source_system', 'pipeline_run_id', 'is_active']
2025-12-07 00:14:39 - medallionlayer.silver_layer - INFO - match_metadata: 1 rows processed
2025-12-07 00:14:39 - medallionlayer.silver_layer - INFO - 
Processing table: match_events
2025-12-07 00:14:39 - medallionlayer.silver_layer - INFO - Read 223 rows from bronze.match_events
2025-12-07 00:14:39 - medallionlayer.silver_layer - INFO -   Cleaned columns: ['bowler', 'batsman', 'commentary', 'innings']
2025-12-07 00:14:39 - medallionlayer.silver_layer - INFO -   Converting 'score' column to numeric...
2025-12-07 00:14:39 - medallionlayer.silver_layer - INFO -   Score conversion: 212 converted, 11 not converted (set to 0)
2025-12-07 00:14:39 - medallionlayer.silver_layer - INFO -   Extracting dismissal information...
2025-12-07 00:14:39 - medallionlayer.silver_layer - INFO -   Extracted dismissal info for 7 wickets
2025-12-07 00:14:39 - medallionlayer.silver_layer - INFO -   Enriching player names for columns: ['batsman', 'bowler', 'fielder_name']
2025-12-07 00:14:39 - medallionlayer.silver_layer - INFO -   Loaded 32 player records for enrichment
2025-12-07 00:14:39 - medallionlayer.silver_layer - INFO -   Enriching column: batsman
2025-12-07 00:14:40 - medallionlayer.silver_layer - INFO -   Enriching column: bowler
2025-12-07 00:14:41 - medallionlayer.silver_layer - INFO -   Enriching column: fielder_name
2025-12-07 00:14:41 - medallionlayer.silver_layer - INFO -   Enrichment results:
2025-12-07 00:14:41 - medallionlayer.silver_layer - INFO -     batsman: 213 enriched, 10 not found, 0 null
2025-12-07 00:14:41 - medallionlayer.silver_layer - INFO -     bowler: 223 enriched, 0 not found, 0 null
2025-12-07 00:14:41 - medallionlayer.silver_layer - INFO -     fielder_name: 5 enriched, 1 not found, 217 null
2025-12-07 00:14:41 - medallionlayer.silver_layer - INFO - After transformations: 223 rows (removed 0)
2025-12-07 00:14:41 - medallionlayer.silver_layer - INFO -   Removed Bronze audit columns: ['ingestion_timestamp', 'source_system', 'pipeline_run_id', 'is_active']
2025-12-07 00:14:41 - medallionlayer.silver_layer - INFO - match_events: 223 rows processed
2025-12-07 00:14:41 - medallionlayer.silver_layer - INFO - 
Processing table: match_players
2025-12-07 00:14:41 - medallionlayer.silver_layer - INFO - Read 32 rows from bronze.match_players
2025-12-07 00:14:41 - medallionlayer.silver_layer - INFO -   Cleaned columns: ['player_name', 'team']
2025-12-07 00:14:41 - medallionlayer.silver_layer - INFO - After transformations: 32 rows (removed 0)
2025-12-07 00:14:41 - medallionlayer.silver_layer - INFO -   Removed Bronze audit columns: ['ingestion_timestamp', 'source_system', 'pipeline_run_id', 'is_active']
2025-12-07 00:14:41 - medallionlayer.silver_layer - INFO - match_players: 32 rows processed
2025-12-07 00:14:41 - medallionlayer.silver_layer - INFO - 
======================================================================
2025-12-07 00:14:41 - medallionlayer.silver_layer - INFO - SILVER LAYER - Complete
2025-12-07 00:14:41 - medallionlayer.silver_layer - INFO - Tables Processed: 3
2025-12-07 00:14:41 - medallionlayer.silver_layer - INFO - Total Rows: 256
2025-12-07 00:14:41 - medallionlayer.silver_layer - INFO - ======================================================================
2025-12-07 00:14:41 - medallionlayer.gold_layer - INFO - Gold Layer initialized
2025-12-07 00:14:41 - medallionlayer.gold_layer - INFO - ======================================================================
2025-12-07 00:14:41 - medallionlayer.gold_layer - INFO - GOLD LAYER - Starting
2025-12-07 00:14:41 - medallionlayer.gold_layer - INFO - ======================================================================
2025-12-07 00:14:41 - medallionlayer.gold_layer - INFO - 
Processing aggregation: match_summary
2025-12-07 00:14:41 - medallionlayer.gold_layer - INFO - Read 1 rows from silver.match_metadata
2025-12-07 00:14:41 - medallionlayer.gold_layer - INFO -   Selected 1 distinct rows (no aggregation)
2025-12-07 00:14:41 - medallionlayer.gold_layer - INFO -   Selected 7 columns for Gold: ['matchid', 'venue', 'series', 'season', 'player_of_the_match', 'first_innings', 'second_innings']
2025-12-07 00:14:41 - medallionlayer.gold_layer - INFO - Final DataFrame columns: ['matchid', 'venue', 'series', 'season', 'player_of_the_match', 'first_innings', 'second_innings', 'created_at', 'updated_at']
2025-12-07 00:14:41 - medallionlayer.gold_layer - INFO - Successfully wrote 1 rows to gold.match_summary
2025-12-07 00:14:41 - medallionlayer.gold_layer - INFO - Successfully created 1 rows for match_summary
2025-12-07 00:14:41 - medallionlayer.gold_layer - INFO - 
Processing aggregation: series_summary
2025-12-07 00:14:41 - medallionlayer.gold_layer - INFO - Read 1 rows from silver.match_metadata
2025-12-07 00:14:41 - medallionlayer.gold_layer - INFO -   Aggregated to 1 rows
2025-12-07 00:14:41 - medallionlayer.gold_layer - INFO -   Selected 3 columns for Gold: ['series', 'season', 'total_matches']
2025-12-07 00:14:41 - medallionlayer.gold_layer - INFO - Final DataFrame columns: ['series', 'season', 'total_matches', 'created_at', 'updated_at']
2025-12-07 00:14:41 - medallionlayer.gold_layer - INFO - Successfully wrote 1 rows to gold.series_summary
2025-12-07 00:14:41 - medallionlayer.gold_layer - INFO - Successfully created 1 rows for series_summary
2025-12-07 00:14:41 - medallionlayer.gold_layer - INFO - 
Processing aggregation: venue_statistics
2025-12-07 00:14:42 - medallionlayer.gold_layer - INFO - Read 1 rows from silver.match_metadata
2025-12-07 00:14:42 - medallionlayer.gold_layer - INFO -   Aggregated to 1 rows
2025-12-07 00:14:42 - medallionlayer.gold_layer - INFO -   Selected 3 columns for Gold: ['venue', 'season', 'total_matches']
2025-12-07 00:14:42 - medallionlayer.gold_layer - INFO - Final DataFrame columns: ['venue', 'season', 'total_matches', 'created_at', 'updated_at']
2025-12-07 00:14:42 - medallionlayer.gold_layer - INFO - Successfully wrote 1 rows to gold.venue_statistics
2025-12-07 00:14:42 - medallionlayer.gold_layer - INFO - Successfully created 1 rows for venue_statistics
2025-12-07 00:14:42 - medallionlayer.gold_layer - INFO - 
Processing aggregation: match_ball_statistics
2025-12-07 00:14:42 - medallionlayer.gold_layer - INFO - Read 218 rows from silver.match_events
2025-12-07 00:14:42 - medallionlayer.gold_layer - INFO -   Aggregated to 2 rows
2025-12-07 00:14:42 - medallionlayer.gold_layer - INFO - Final DataFrame columns: ['matchid', 'innings', 'total_balls', 'total_runs', 'created_at', 'updated_at']
2025-12-07 00:14:42 - medallionlayer.gold_layer - INFO - Successfully wrote 2 rows to gold.match_ball_statistics
2025-12-07 00:14:42 - medallionlayer.gold_layer - INFO - Successfully created 2 rows for match_ball_statistics
2025-12-07 00:14:42 - medallionlayer.gold_layer - INFO - 
Processing aggregation: batsman_statistics
2025-12-07 00:14:42 - medallionlayer.gold_layer - INFO - Read 218 rows from silver.match_events
2025-12-07 00:14:42 - medallionlayer.gold_layer - INFO -   Excluded 4 extras from aggregation
2025-12-07 00:14:42 - medallionlayer.gold_layer - INFO -   Filtered extras: 218 -> 214 rows (4 extras removed)
2025-12-07 00:14:42 - medallionlayer.gold_layer - INFO -   Aggregated to 15 rows
2025-12-07 00:14:42 - medallionlayer.gold_layer - INFO -   Selected 5 columns for Gold: ['matchid', 'batsman', 'innings', 'total_runs', 'balls_faced']
2025-12-07 00:14:42 - medallionlayer.gold_layer - INFO - Final DataFrame columns: ['matchid', 'batsman', 'innings', 'total_runs', 'balls_faced', 'created_at', 'updated_at']
2025-12-07 00:14:42 - medallionlayer.gold_layer - INFO - Successfully wrote 15 rows to gold.batsman_statistics
2025-12-07 00:14:42 - medallionlayer.gold_layer - INFO - Successfully created 15 rows for batsman_statistics
2025-12-07 00:14:42 - medallionlayer.gold_layer - INFO - 
Processing aggregation: bowler_statistics
2025-12-07 00:14:42 - medallionlayer.gold_layer - INFO - Read 218 rows from silver.match_events
2025-12-07 00:14:42 - medallionlayer.gold_layer - INFO -   Aggregated to 11 rows
2025-12-07 00:14:42 - medallionlayer.gold_layer - INFO - Final DataFrame columns: ['matchid', 'bowler', 'innings', 'balls_bowled', 'runs_conceded', 'created_at', 'updated_at']
2025-12-07 00:14:42 - medallionlayer.gold_layer - INFO - Successfully wrote 11 rows to gold.bowler_statistics
2025-12-07 00:14:42 - medallionlayer.gold_layer - INFO - Successfully created 11 rows for bowler_statistics
2025-12-07 00:14:42 - medallionlayer.gold_layer - INFO - 
======================================================================
2025-12-07 00:14:42 - medallionlayer.gold_layer - INFO - GOLD LAYER - Complete
2025-12-07 00:14:42 - medallionlayer.gold_layer - INFO - Aggregations Processed: 6
2025-12-07 00:14:42 - medallionlayer.gold_layer - INFO - Total Rows: 31
2025-12-07 00:14:42 - medallionlayer.gold_layer - INFO - ======================================================================
2025-12-07 00:14:42 - pipeline.orchestrator - INFO - 
================================================================================
2025-12-07 00:14:42 - pipeline.orchestrator - INFO - PIPELINE EXECUTION SUMMARY
2025-12-07 00:14:42 - pipeline.orchestrator - INFO - ================================================================================
2025-12-07 00:14:42 - pipeline.orchestrator - INFO - Status: SUCCESS
2025-12-07 00:14:42 - pipeline.orchestrator - INFO - Duration: 4.14 seconds
2025-12-07 00:14:42 - pipeline.orchestrator - INFO - 
BRONZE Layer:
2025-12-07 00:14:42 - pipeline.orchestrator - INFO -   Status: success
2025-12-07 00:14:42 - pipeline.orchestrator - INFO -   Tables Processed: 3
2025-12-07 00:14:42 - pipeline.orchestrator - INFO -   Total Rows: 256
2025-12-07 00:14:42 - pipeline.orchestrator - INFO - 
SILVER Layer:
2025-12-07 00:14:42 - pipeline.orchestrator - INFO -   Status: success
2025-12-07 00:14:42 - pipeline.orchestrator - INFO -   Tables Processed: 3
2025-12-07 00:14:42 - pipeline.orchestrator - INFO -   Total Rows: 256
2025-12-07 00:14:42 - pipeline.orchestrator - INFO - 
GOLD Layer:
2025-12-07 00:14:42 - pipeline.orchestrator - INFO -   Status: success
2025-12-07 00:14:42 - pipeline.orchestrator - INFO -   Aggregations: 6
2025-12-07 00:14:42 - pipeline.orchestrator - INFO -   Total Rows: 31
2025-12-07 00:14:42 - pipeline.orchestrator - INFO - ================================================================================

2025-12-07 00:14:42 - __main__ - INFO - Pipeline completed - Status: success, Duration: 4.14s
2025-12-07 00:14:42 - __main__ - INFO - Pipeline completed successfully
2025-12-07 00:17:35 - __main__ - INFO - Cricket Data Pipeline Started
2025-12-07 00:17:35 - __main__ - INFO - STEP 1: Initializing database and schemas
2025-12-07 00:17:35 - configs.db_config - INFO - Initializing Medallion Architecture schemas...
2025-12-07 00:17:36 - configs.db_config - INFO - Medallion schemas (Bronze, Silver, Gold) initialized
2025-12-07 00:17:36 - __main__ - INFO - Database initialization complete
2025-12-07 00:17:36 - __main__ - INFO - STEP 2: Loading configuration
2025-12-07 00:17:36 - __main__ - INFO - Configuration loaded successfully
2025-12-07 00:17:36 - __main__ - INFO - STEP 3: Scraping data from Cricinfo
2025-12-07 00:17:36 - __main__ - INFO - Initializing match tracker
2025-12-07 00:17:36 - __main__ - INFO - Current Status: 0 matches already downloaded
2025-12-07 00:17:36 - __main__ - INFO - Fetching match schedule from Cricinfo
2025-12-07 00:17:36 - scraping.schedule_scraper - INFO - Initializing WebDriver for schedule scraping
2025-12-07 00:17:39 - scraping.schedule_scraper - INFO - Loading schedule page - attempt 1
2025-12-07 00:17:49 - scraping.schedule_scraper - INFO - Schedule page loaded successfully
2025-12-07 00:17:49 - scraping.schedule_scraper - INFO - Parsing schedule page with BeautifulSoup
2025-12-07 00:17:50 - scraping.schedule_scraper - INFO - Extracting match links from schedule
2025-12-07 00:17:50 - scraping.schedule_scraper - INFO - Successfully extracted 110 match links
2025-12-07 00:17:50 - scraping.schedule_scraper - INFO - Closing WebDriver
2025-12-07 00:17:52 - __main__ - INFO - Found 110 total links
2025-12-07 00:17:52 - __main__ - INFO - Found 1 match scorecards
2025-12-07 00:17:52 - __main__ - INFO - Starting match scraping process
2025-12-07 00:17:52 - __main__ - INFO - Processing match 1/1: https://www.espncricinfo.com/series/ipl-2025-1449924/kolkata-knight-riders-vs-royal-challengers-bengaluru-1st-match-1473438/full-scorecard
2025-12-07 00:17:52 - __main__ - INFO - Downloading match 1473438
2025-12-07 00:17:52 - scraping.player_extractor - INFO - PlayerExtractor initialized - Target: raw.match_players
2025-12-07 00:17:52 - scraping.match_scraper - INFO - Initializing WebDriver
2025-12-07 00:17:55 - scraping.match_scraper - INFO - Loading full scorecard - attempt 1
2025-12-07 00:18:07 - scraping.match_scraper - INFO - full scorecard loaded successfully
2025-12-07 00:18:07 - scraping.match_scraper - INFO - Scrolling full scorecard page
2025-12-07 00:18:07 - core.page_navigator - INFO - Scrolling page 5 times
2025-12-07 00:18:17 - core.page_navigator - INFO - Page scrolling completed
2025-12-07 00:18:20 - scraping.match_scraper - INFO - Extracting metadata
2025-12-07 00:18:21 - core.metadata_extractor - INFO - Found 14 metadata rows for match 1473438
2025-12-07 00:18:21 - core.metadata_extractor - INFO - Extracted 15 metadata fields for match 1473438
2025-12-07 00:18:21 - scraping.match_scraper - INFO - Extracting player rosters...
2025-12-07 00:18:21 - scraping.player_extractor - INFO - Extracting players for match 1473438
2025-12-07 00:18:21 - core.metadata_extractor - INFO - Extracting player names for match 1473438
2025-12-07 00:18:21 - core.metadata_extractor - INFO - Found 2 scorecard table(s)
2025-12-07 00:18:21 - core.metadata_extractor - INFO -   innings_1 (Kolkata Knight Riders): 10 batted, 1 did not bat
2025-12-07 00:18:21 - core.metadata_extractor - INFO -   innings_2 (Royal Challengers Bengaluru): 5 batted, 6 did not bat
2025-12-07 00:18:21 - core.metadata_extractor - INFO -   Found 12 impact players/substitutes
2025-12-07 00:18:21 - core.metadata_extractor - INFO - Created DataFrame with 34 player records from 2 innings
2025-12-07 00:18:21 - scraping.player_extractor - INFO - Stored 31 players for match 1473438
2025-12-07 00:18:21 - scraping.player_extractor - INFO -   Teams: Kolkata Knight Riders, Royal Challengers Bengaluru
2025-12-07 00:18:21 - scraping.player_extractor - INFO -   Batted: 14, Did not bat: 17
2025-12-07 00:18:21 - scraping.match_scraper - INFO - Stored 31 players
2025-12-07 00:18:21 - scraping.match_scraper - INFO -   - Kolkata Knight Riders
2025-12-07 00:18:21 - scraping.match_scraper - INFO -   - Royal Challengers Bengaluru
2025-12-07 00:18:21 - scraping.match_scraper - INFO - Loading commentary page - attempt 1
2025-12-07 00:18:31 - scraping.match_scraper - INFO - commentary page loaded successfully
2025-12-07 00:18:31 - scraping.match_scraper - INFO - Scrolling commentary page
2025-12-07 00:18:31 - core.page_navigator - INFO - Scrolling page 25 times
2025-12-07 00:19:23 - core.page_navigator - INFO - Page scrolling completed
2025-12-07 00:19:26 - scraping.match_scraper - INFO - Extracting first innings data
2025-12-07 00:19:26 - scraping.match_scraper - INFO - Default batting team: RCB
2025-12-07 00:19:26 - core.commentary_parser - INFO - Found 99 commentary blocks
2025-12-07 00:19:26 - core.commentary_parser - INFO - Parsed 99 commentary entries
2025-12-07 00:19:26 - core.commentary_parser - INFO - Created DataFrame with 99 rows
2025-12-07 00:19:26 - scraping.match_scraper - INFO - First innings: 99 events
2025-12-07 00:19:26 - core.page_navigator - INFO - Scrolling to top of page
2025-12-07 00:19:32 - scraping.match_scraper - INFO - Switching to second innings
2025-12-07 00:19:32 - core.page_navigator - INFO - Switching innings from: RCB
2025-12-07 00:20:07 - core.page_navigator - INFO - Switching to innings: KKR
2025-12-07 00:20:10 - core.page_navigator - INFO - Successfully switched to KKR
2025-12-07 00:20:10 - scraping.match_scraper - INFO - Switched batting team: KKR
2025-12-07 00:20:10 - scraping.match_scraper - INFO - Saving metadata to database
2025-12-07 00:20:15 - core.page_navigator - INFO - Scrolling page 25 times
2025-12-07 00:21:05 - core.page_navigator - INFO - Page scrolling completed
2025-12-07 00:21:09 - core.commentary_parser - INFO - Found 124 commentary blocks
2025-12-07 00:21:09 - core.commentary_parser - INFO - Parsed 124 commentary entries
2025-12-07 00:21:09 - core.commentary_parser - INFO - Created DataFrame with 124 rows
2025-12-07 00:21:09 - scraping.match_scraper - INFO - Second innings: 124 events
2025-12-07 00:21:09 - scraping.match_scraper - INFO - Saving commentary to database
2025-12-07 00:21:09 - scraping.match_scraper - INFO - Commentary saved: 223 total events
2025-12-07 00:21:09 - scraping.match_scraper - INFO - Successfully completed scraping match 1473438
2025-12-07 00:21:09 - scraping.match_scraper - INFO - Closing WebDriver
2025-12-07 00:21:12 - __main__ - INFO - Successfully downloaded match 1473438
2025-12-07 00:21:12 - __main__ - INFO - Scraping complete - Found: 1, Downloaded: 1, Skipped: 0, Failed: 0
2025-12-07 00:21:12 - __main__ - INFO - STEP 4: Processing through Medallion Architecture
2025-12-07 00:21:12 - __main__ - INFO - Starting Medallion Architecture pipeline
2025-12-07 00:21:12 - pipeline.orchestrator - INFO - Pipeline Orchestrator initialized
2025-12-07 00:21:12 - pipeline.orchestrator - INFO - 
================================================================================
2025-12-07 00:21:12 - pipeline.orchestrator - INFO - MEDALLION ARCHITECTURE PIPELINE - STARTING
2025-12-07 00:21:12 - pipeline.orchestrator - INFO - ================================================================================
2025-12-07 00:21:12 - pipeline.orchestrator - INFO - Start Time: 2025-12-07 00:21:12.197817
2025-12-07 00:21:12 - pipeline.orchestrator - INFO - Layers to execute: bronze, silver, gold
2025-12-07 00:21:12 - pipeline.orchestrator - INFO - ================================================================================
2025-12-07 00:21:12 - medallionlayer.bronze_layer - INFO - Bronze Layer initialized - Run ID: c917563f-afc2-4b7a-ac45-7af5abaeb490
2025-12-07 00:21:12 - medallionlayer.bronze_layer - INFO - ======================================================================
2025-12-07 00:21:12 - medallionlayer.bronze_layer - INFO - BRONZE LAYER - Starting
2025-12-07 00:21:12 - medallionlayer.bronze_layer - INFO - ======================================================================
2025-12-07 00:21:12 - medallionlayer.bronze_layer - INFO - 
Processing table: match_metadata
2025-12-07 00:21:12 - medallionlayer.bronze_layer - INFO - Read 1 rows from raw.match_metadata
2025-12-07 00:21:12 - medallionlayer.bronze_layer - INFO -   No duplicates found based on ['matchid']
2025-12-07 00:21:12 - medallionlayer.bronze_layer - INFO - After quality checks: 1 rows (removed 0)
2025-12-07 00:21:12 - medallionlayer.bronze_layer - INFO - match_metadata: 1 rows ingested
2025-12-07 00:21:12 - medallionlayer.bronze_layer - INFO - 
Processing table: match_events
2025-12-07 00:21:12 - medallionlayer.bronze_layer - INFO - Read 223 rows from raw.match_events
2025-12-07 00:21:12 - medallionlayer.bronze_layer - INFO -   No duplicates found based on ['matchid', 'ball', 'innings', 'commentary']
2025-12-07 00:21:12 - medallionlayer.bronze_layer - INFO - After quality checks: 223 rows (removed 0)
2025-12-07 00:21:12 - medallionlayer.bronze_layer - INFO - match_events: 223 rows ingested
2025-12-07 00:21:12 - medallionlayer.bronze_layer - INFO - 
Processing table: match_players
2025-12-07 00:21:12 - medallionlayer.bronze_layer - INFO - Read 31 rows from raw.match_players
2025-12-07 00:21:12 - medallionlayer.bronze_layer - INFO -   No duplicates found based on ['matchid', 'innings', 'player_name']
2025-12-07 00:21:12 - medallionlayer.bronze_layer - INFO - After quality checks: 31 rows (removed 0)
2025-12-07 00:21:12 - medallionlayer.bronze_layer - INFO - match_players: 31 rows ingested
2025-12-07 00:21:12 - medallionlayer.bronze_layer - INFO - 
Validating innings data...
2025-12-07 00:21:12 - medallionlayer.bronze_layer - INFO - All matches have complete innings data
2025-12-07 00:21:12 - medallionlayer.bronze_layer - INFO - 
======================================================================
2025-12-07 00:21:12 - medallionlayer.bronze_layer - INFO - DATA QUALITY REPORT
2025-12-07 00:21:12 - medallionlayer.bronze_layer - INFO - ======================================================================
2025-12-07 00:21:12 - medallionlayer.bronze_layer - INFO - 
DUPLICATES REMOVED:
2025-12-07 00:21:12 - medallionlayer.bronze_layer - INFO -   match_metadata: No duplicates found
2025-12-07 00:21:12 - medallionlayer.bronze_layer - INFO -   match_events: No duplicates found
2025-12-07 00:21:12 - medallionlayer.bronze_layer - INFO -   match_players: No duplicates found
2025-12-07 00:21:12 - medallionlayer.bronze_layer - INFO - 
NULL VALUES FOUND:
2025-12-07 00:21:12 - medallionlayer.bronze_layer - INFO -   match_metadata: No null values in required columns
2025-12-07 00:21:12 - medallionlayer.bronze_layer - INFO -   match_events: No null values in required columns
2025-12-07 00:21:12 - medallionlayer.bronze_layer - INFO -   match_players: No null values in required columns
2025-12-07 00:21:12 - medallionlayer.bronze_layer - INFO - 
INNINGS VALIDATION:
2025-12-07 00:21:12 - medallionlayer.bronze_layer - INFO - All matches have complete innings data
2025-12-07 00:21:12 - medallionlayer.bronze_layer - INFO - ======================================================================

2025-12-07 00:21:12 - medallionlayer.bronze_layer - INFO - 
======================================================================
2025-12-07 00:21:12 - medallionlayer.bronze_layer - INFO - BRONZE LAYER - Complete
2025-12-07 00:21:12 - medallionlayer.bronze_layer - INFO - Tables Processed: 3/3
2025-12-07 00:21:12 - medallionlayer.bronze_layer - INFO - Total Rows: 255
2025-12-07 00:21:12 - medallionlayer.bronze_layer - INFO - ======================================================================
2025-12-07 00:21:12 - medallionlayer.silver_layer - INFO - Silver Layer initialized
2025-12-07 00:21:12 - medallionlayer.silver_layer - INFO - ======================================================================
2025-12-07 00:21:12 - medallionlayer.silver_layer - INFO - SILVER LAYER - Starting
2025-12-07 00:21:12 - medallionlayer.silver_layer - INFO - ======================================================================
2025-12-07 00:21:12 - medallionlayer.silver_layer - INFO - 
Processing table: match_metadata
2025-12-07 00:21:12 - medallionlayer.silver_layer - INFO - Read 1 rows from bronze.match_metadata
2025-12-07 00:21:12 - medallionlayer.silver_layer - INFO -   Cleaned columns: ['venue', 'series', 'toss', 'player_of_the_match']
2025-12-07 00:21:12 - medallionlayer.silver_layer - INFO - After transformations: 1 rows (removed 0)
2025-12-07 00:21:12 - medallionlayer.silver_layer - INFO -   Removed Bronze audit columns: ['ingestion_timestamp', 'source_system', 'pipeline_run_id', 'is_active']
2025-12-07 00:21:13 - medallionlayer.silver_layer - INFO - match_metadata: 1 rows processed
2025-12-07 00:21:13 - medallionlayer.silver_layer - INFO - 
Processing table: match_events
2025-12-07 00:21:13 - medallionlayer.silver_layer - INFO - Read 223 rows from bronze.match_events
2025-12-07 00:21:13 - medallionlayer.silver_layer - INFO -   Cleaned columns: ['bowler', 'batsman', 'commentary', 'innings']
2025-12-07 00:21:13 - medallionlayer.silver_layer - INFO -   Converting 'score' column to numeric...
2025-12-07 00:21:13 - medallionlayer.silver_layer - INFO -   Score conversion: 212 converted, 11 not converted (set to 0)
2025-12-07 00:21:13 - medallionlayer.silver_layer - INFO -   Extracting dismissal information...
2025-12-07 00:21:13 - medallionlayer.silver_layer - INFO -   Extracted dismissal info for 7 wickets
2025-12-07 00:21:13 - medallionlayer.silver_layer - INFO -   Enriching player names for columns: ['batsman', 'bowler', 'fielder_name']
2025-12-07 00:21:13 - medallionlayer.silver_layer - INFO -   Loaded 31 player records for enrichment
2025-12-07 00:21:13 - medallionlayer.silver_layer - INFO -   Enriching column: batsman
2025-12-07 00:21:13 - medallionlayer.silver_layer - INFO -   Enriching column: bowler
2025-12-07 00:21:13 - medallionlayer.silver_layer - INFO -   Enriching column: fielder_name
2025-12-07 00:21:13 - medallionlayer.silver_layer - INFO -   Enrichment results:
2025-12-07 00:21:13 - medallionlayer.silver_layer - INFO -     batsman: 223 enriched, 0 not found, 0 null
2025-12-07 00:21:13 - medallionlayer.silver_layer - INFO -     bowler: 223 enriched, 0 not found, 0 null
2025-12-07 00:21:13 - medallionlayer.silver_layer - INFO -     fielder_name: 5 enriched, 1 not found, 217 null
2025-12-07 00:21:13 - medallionlayer.silver_layer - INFO - After transformations: 223 rows (removed 0)
2025-12-07 00:21:13 - medallionlayer.silver_layer - INFO -   Removed Bronze audit columns: ['ingestion_timestamp', 'source_system', 'pipeline_run_id', 'is_active']
2025-12-07 00:21:13 - medallionlayer.silver_layer - INFO - match_events: 223 rows processed
2025-12-07 00:21:13 - medallionlayer.silver_layer - INFO - 
Processing table: match_players
2025-12-07 00:21:13 - medallionlayer.silver_layer - INFO - Read 31 rows from bronze.match_players
2025-12-07 00:21:13 - medallionlayer.silver_layer - INFO -   Cleaned columns: ['player_name', 'team']
2025-12-07 00:21:13 - medallionlayer.silver_layer - INFO - After transformations: 31 rows (removed 0)
2025-12-07 00:21:13 - medallionlayer.silver_layer - INFO -   Removed Bronze audit columns: ['ingestion_timestamp', 'source_system', 'pipeline_run_id', 'is_active']
2025-12-07 00:21:13 - medallionlayer.silver_layer - INFO - match_players: 31 rows processed
2025-12-07 00:21:13 - medallionlayer.silver_layer - INFO - 
======================================================================
2025-12-07 00:21:13 - medallionlayer.silver_layer - INFO - SILVER LAYER - Complete
2025-12-07 00:21:13 - medallionlayer.silver_layer - INFO - Tables Processed: 3
2025-12-07 00:21:13 - medallionlayer.silver_layer - INFO - Total Rows: 255
2025-12-07 00:21:13 - medallionlayer.silver_layer - INFO - ======================================================================
2025-12-07 00:21:13 - medallionlayer.gold_layer - INFO - Gold Layer initialized
2025-12-07 00:21:13 - medallionlayer.gold_layer - INFO - ======================================================================
2025-12-07 00:21:14 - medallionlayer.gold_layer - INFO - GOLD LAYER - Starting
2025-12-07 00:21:14 - medallionlayer.gold_layer - INFO - ======================================================================
2025-12-07 00:21:14 - medallionlayer.gold_layer - INFO - 
Processing aggregation: match_summary
2025-12-07 00:21:14 - medallionlayer.gold_layer - INFO - Read 1 rows from silver.match_metadata
2025-12-07 00:21:14 - medallionlayer.gold_layer - INFO -   Selected 1 distinct rows (no aggregation)
2025-12-07 00:21:14 - medallionlayer.gold_layer - INFO -   Selected 7 columns for Gold: ['matchid', 'venue', 'series', 'season', 'player_of_the_match', 'first_innings', 'second_innings']
2025-12-07 00:21:14 - medallionlayer.gold_layer - INFO - Final DataFrame columns: ['matchid', 'venue', 'series', 'season', 'player_of_the_match', 'first_innings', 'second_innings', 'created_at', 'updated_at']
2025-12-07 00:21:14 - medallionlayer.gold_layer - INFO - Successfully wrote 1 rows to gold.match_summary
2025-12-07 00:21:14 - medallionlayer.gold_layer - INFO - Successfully created 1 rows for match_summary
2025-12-07 00:21:14 - medallionlayer.gold_layer - INFO - 
Processing aggregation: series_summary
2025-12-07 00:21:14 - medallionlayer.gold_layer - INFO - Read 1 rows from silver.match_metadata
2025-12-07 00:21:14 - medallionlayer.gold_layer - INFO -   Aggregated to 1 rows
2025-12-07 00:21:14 - medallionlayer.gold_layer - INFO -   Selected 3 columns for Gold: ['series', 'season', 'total_matches']
2025-12-07 00:21:14 - medallionlayer.gold_layer - INFO - Final DataFrame columns: ['series', 'season', 'total_matches', 'created_at', 'updated_at']
2025-12-07 00:21:14 - medallionlayer.gold_layer - INFO - Successfully wrote 1 rows to gold.series_summary
2025-12-07 00:21:14 - medallionlayer.gold_layer - INFO - Successfully created 1 rows for series_summary
2025-12-07 00:21:14 - medallionlayer.gold_layer - INFO - 
Processing aggregation: venue_statistics
2025-12-07 00:21:14 - medallionlayer.gold_layer - INFO - Read 1 rows from silver.match_metadata
2025-12-07 00:21:14 - medallionlayer.gold_layer - INFO -   Aggregated to 1 rows
2025-12-07 00:21:14 - medallionlayer.gold_layer - INFO -   Selected 3 columns for Gold: ['venue', 'season', 'total_matches']
2025-12-07 00:21:14 - medallionlayer.gold_layer - INFO - Final DataFrame columns: ['venue', 'season', 'total_matches', 'created_at', 'updated_at']
2025-12-07 00:21:14 - medallionlayer.gold_layer - INFO - Successfully wrote 1 rows to gold.venue_statistics
2025-12-07 00:21:14 - medallionlayer.gold_layer - INFO - Successfully created 1 rows for venue_statistics
2025-12-07 00:21:14 - medallionlayer.gold_layer - INFO - 
Processing aggregation: match_ball_statistics
2025-12-07 00:21:14 - medallionlayer.gold_layer - INFO - Read 218 rows from silver.match_events
2025-12-07 00:21:14 - medallionlayer.gold_layer - INFO -   Aggregated to 2 rows
2025-12-07 00:21:14 - medallionlayer.gold_layer - INFO - Final DataFrame columns: ['matchid', 'innings', 'total_balls', 'total_runs', 'created_at', 'updated_at']
2025-12-07 00:21:14 - medallionlayer.gold_layer - INFO - Successfully wrote 2 rows to gold.match_ball_statistics
2025-12-07 00:21:14 - medallionlayer.gold_layer - INFO - Successfully created 2 rows for match_ball_statistics
2025-12-07 00:21:14 - medallionlayer.gold_layer - INFO - 
Processing aggregation: batsman_statistics
2025-12-07 00:21:14 - medallionlayer.gold_layer - INFO - Read 218 rows from silver.match_events
2025-12-07 00:21:14 - medallionlayer.gold_layer - INFO -   Excluded 4 extras from aggregation
2025-12-07 00:21:14 - medallionlayer.gold_layer - INFO -   Filtered extras: 218 -> 214 rows (4 extras removed)
2025-12-07 00:21:14 - medallionlayer.gold_layer - INFO -   Aggregated to 15 rows
2025-12-07 00:21:14 - medallionlayer.gold_layer - INFO -   Selected 5 columns for Gold: ['matchid', 'batsman', 'innings', 'total_runs', 'balls_faced']
2025-12-07 00:21:14 - medallionlayer.gold_layer - INFO - Final DataFrame columns: ['matchid', 'batsman', 'innings', 'total_runs', 'balls_faced', 'created_at', 'updated_at']
2025-12-07 00:21:14 - medallionlayer.gold_layer - INFO - Successfully wrote 15 rows to gold.batsman_statistics
2025-12-07 00:21:14 - medallionlayer.gold_layer - INFO - Successfully created 15 rows for batsman_statistics
2025-12-07 00:21:14 - medallionlayer.gold_layer - INFO - 
Processing aggregation: bowler_statistics
2025-12-07 00:21:14 - medallionlayer.gold_layer - INFO - Read 218 rows from silver.match_events
2025-12-07 00:21:14 - medallionlayer.gold_layer - INFO -   Aggregated to 11 rows
2025-12-07 00:21:14 - medallionlayer.gold_layer - INFO - Final DataFrame columns: ['matchid', 'bowler', 'innings', 'balls_bowled', 'runs_conceded', 'created_at', 'updated_at']
2025-12-07 00:21:14 - medallionlayer.gold_layer - INFO - Successfully wrote 11 rows to gold.bowler_statistics
2025-12-07 00:21:14 - medallionlayer.gold_layer - INFO - Successfully created 11 rows for bowler_statistics
2025-12-07 00:21:14 - medallionlayer.gold_layer - INFO - 
======================================================================
2025-12-07 00:21:14 - medallionlayer.gold_layer - INFO - GOLD LAYER - Complete
2025-12-07 00:21:14 - medallionlayer.gold_layer - INFO - Aggregations Processed: 6
2025-12-07 00:21:14 - medallionlayer.gold_layer - INFO - Total Rows: 31
2025-12-07 00:21:14 - medallionlayer.gold_layer - INFO - ======================================================================
2025-12-07 00:21:14 - pipeline.orchestrator - INFO - 
================================================================================
2025-12-07 00:21:14 - pipeline.orchestrator - INFO - PIPELINE EXECUTION SUMMARY
2025-12-07 00:21:14 - pipeline.orchestrator - INFO - ================================================================================
2025-12-07 00:21:14 - pipeline.orchestrator - INFO - Status: SUCCESS
2025-12-07 00:21:14 - pipeline.orchestrator - INFO - Duration: 2.66 seconds
2025-12-07 00:21:14 - pipeline.orchestrator - INFO - 
BRONZE Layer:
2025-12-07 00:21:14 - pipeline.orchestrator - INFO -   Status: success
2025-12-07 00:21:14 - pipeline.orchestrator - INFO -   Tables Processed: 3
2025-12-07 00:21:14 - pipeline.orchestrator - INFO -   Total Rows: 255
2025-12-07 00:21:14 - pipeline.orchestrator - INFO - 
SILVER Layer:
2025-12-07 00:21:14 - pipeline.orchestrator - INFO -   Status: success
2025-12-07 00:21:14 - pipeline.orchestrator - INFO -   Tables Processed: 3
2025-12-07 00:21:14 - pipeline.orchestrator - INFO -   Total Rows: 255
2025-12-07 00:21:14 - pipeline.orchestrator - INFO - 
GOLD Layer:
2025-12-07 00:21:14 - pipeline.orchestrator - INFO -   Status: success
2025-12-07 00:21:14 - pipeline.orchestrator - INFO -   Aggregations: 6
2025-12-07 00:21:14 - pipeline.orchestrator - INFO -   Total Rows: 31
2025-12-07 00:21:14 - pipeline.orchestrator - INFO - ================================================================================

2025-12-07 00:21:14 - __main__ - INFO - Pipeline completed - Status: success, Duration: 2.66s
2025-12-07 00:21:14 - __main__ - INFO - Pipeline completed successfully
